Microsoft Windows [VersiÃ³n 10.0.19044.1826]
(c) Microsoft Corporation. Todos los derechos reservados.

C:\Users\User>d:

D:\>cd spark

D:\spark>vagrant ssh
Last login: Sun Jul 24 13:39:41 2022 from 10.0.2.2
[vagrant@10 ~]$ hdfs dfs -ls /user/vagrant/lab1/pregunta6/resultado
Found 2 items
-rw-r--r--   1 vagrant supergroup          0 2022-07-24 14:43 /user/vagrant/lab1/pregunta6/resultado/_SUCCESS
-rw-r--r--   1 vagrant supergroup     108576 2022-07-24 14:43 /user/vagrant/lab1/pregunta6/resultado/part-00000-63a28bcb-f053-4801-8dc2-f2693bfa05f7-c000.txt.bz2
[vagrant@10 ~]$ hdfs dfs -ls /home/vagrant/spark-warehouse/orders
ls: `/home/vagrant/spark-warehouse/orders': No such file or directory
[vagrant@10 ~]$ hdfs dfs -ls /user/vagrant/lab1/pregunta8/resultado
ls: `/user/vagrant/lab1/pregunta8/resultado': No such file or directory
[vagrant@10 ~]$ hdfs dfs -ls /user/vagrant/lab1/pregunta8/resultado
Found 15 items
-rw-r--r--   1 vagrant supergroup          0 2022-07-24 18:15 /user/vagrant/lab1/pregunta8/resultado/_SUCCESS
-rw-r--r--   1 vagrant supergroup        350 2022-07-24 18:15 /user/vagrant/lab1/pregunta8/resultado/part-00000-0d986dfb-25a9-499d-a16f-a0127f69d994-c000.parquet
-rw-r--r--   1 vagrant supergroup        643 2022-07-24 18:15 /user/vagrant/lab1/pregunta8/resultado/part-00043-0d986dfb-25a9-499d-a16f-a0127f69d994-c000.parquet
-rw-r--r--   1 vagrant supergroup        659 2022-07-24 18:15 /user/vagrant/lab1/pregunta8/resultado/part-00051-0d986dfb-25a9-499d-a16f-a0127f69d994-c000.parquet
-rw-r--r--   1 vagrant supergroup        659 2022-07-24 18:15 /user/vagrant/lab1/pregunta8/resultado/part-00053-0d986dfb-25a9-499d-a16f-a0127f69d994-c000.parquet
-rw-r--r--   1 vagrant supergroup        659 2022-07-24 18:15 /user/vagrant/lab1/pregunta8/resultado/part-00071-0d986dfb-25a9-499d-a16f-a0127f69d994-c000.parquet
-rw-r--r--   1 vagrant supergroup        659 2022-07-24 18:15 /user/vagrant/lab1/pregunta8/resultado/part-00073-0d986dfb-25a9-499d-a16f-a0127f69d994-c000.parquet
-rw-r--r--   1 vagrant supergroup        659 2022-07-24 18:15 /user/vagrant/lab1/pregunta8/resultado/part-00091-0d986dfb-25a9-499d-a16f-a0127f69d994-c000.parquet
-rw-r--r--   1 vagrant supergroup        659 2022-07-24 18:15 /user/vagrant/lab1/pregunta8/resultado/part-00121-0d986dfb-25a9-499d-a16f-a0127f69d994-c000.parquet
-rw-r--r--   1 vagrant supergroup        659 2022-07-24 18:15 /user/vagrant/lab1/pregunta8/resultado/part-00128-0d986dfb-25a9-499d-a16f-a0127f69d994-c000.parquet
-rw-r--r--   1 vagrant supergroup        659 2022-07-24 18:15 /user/vagrant/lab1/pregunta8/resultado/part-00156-0d986dfb-25a9-499d-a16f-a0127f69d994-c000.parquet
-rw-r--r--   1 vagrant supergroup        659 2022-07-24 18:15 /user/vagrant/lab1/pregunta8/resultado/part-00157-0d986dfb-25a9-499d-a16f-a0127f69d994-c000.parquet
-rw-r--r--   1 vagrant supergroup        659 2022-07-24 18:15 /user/vagrant/lab1/pregunta8/resultado/part-00163-0d986dfb-25a9-499d-a16f-a0127f69d994-c000.parquet
-rw-r--r--   1 vagrant supergroup        659 2022-07-24 18:15 /user/vagrant/lab1/pregunta8/resultado/part-00176-0d986dfb-25a9-499d-a16f-a0127f69d994-c000.parquet
-rw-r--r--   1 vagrant supergroup        659 2022-07-24 18:15 /user/vagrant/lab1/pregunta8/resultado/part-00190-0d986dfb-25a9-499d-a16f-a0127f69d994-c000.parquet
[vagrant@10 ~]$ hdfs dfs -ls /user/vagrant/lab1/pregunta9/resultado
Found 3 items
-rw-r--r--   1 vagrant supergroup          0 2022-07-24 19:08 /user/vagrant/lab1/pregunta9/resultado/_SUCCESS
-rw-r--r--   1 vagrant supergroup    1839656 2022-07-24 19:08 /user/vagrant/lab1/pregunta9/resultado/part-00000-06c7d4a9-1c24-41e6-b23f-5986fd40a710-c000.orc
-rw-r--r--   1 vagrant supergroup     230101 2022-07-24 19:08 /user/vagrant/lab1/pregunta9/resultado/part-00001-06c7d4a9-1c24-41e6-b23f-5986fd40a710-c000.orc
[vagrant@10 ~]$ hdfs dfs -ls /user/vagrant/lab1/pregunta10/resultado
Found 193 items
-rw-r--r--   1 vagrant supergroup          0 2022-07-24 21:39 /user/vagrant/lab1/pregunta10/resultado/_SUCCESS
-rw-r--r--   1 vagrant supergroup       1217 2022-07-24 21:38 /user/vagrant/lab1/pregunta10/resultado/part-00000-88eb2697-77c2-48d1-86d7-70ec50f40418-c000.gz.parquet
-rw-r--r--   1 vagrant supergroup       1292 2022-07-24 21:38 /user/vagrant/lab1/pregunta10/resultado/part-00001-88eb2697-77c2-48d1-86d7-70ec50f40418-c000.gz.parquet
-rw-r--r--   1 vagrant supergroup       1300 2022-07-24 21:38 /user/vagrant/lab1/pregunta10/resultado/part-00002-88eb2697-77c2-48d1-86d7-70ec50f40418-c000.gz.parquet
-rw-r--r--   1 vagrant supergroup       1193 2022-07-24 21:38 /user/vagrant/lab1/pregunta10/resultado/part-00003-88eb2697-77c2-48d1-86d7-70ec50f40418-c000.gz.parquet
-rw-r--r--   1 vagrant supergroup       1218 2022-07-24 21:38 /user/vagrant/lab1/pregunta10/resultado/part-00004-88eb2697-77c2-48d1-86d7-70ec50f40418-c000.gz.parquet
-rw-r--r--   1 vagrant supergroup       1224 2022-07-24 21:38 /user/vagrant/lab1/pregunta10/resultado/part-00005-88eb2697-77c2-48d1-86d7-70ec50f40418-c000.gz.parquet
-rw-r--r--   1 vagrant supergroup       1287 2022-07-24 21:38 /user/vagrant/lab1/pregunta10/resultado/part-00006-88eb2697-77c2-48d1-86d7-70ec50f40418-c000.gz.parquet
-rw-r--r--   1 vagrant supergroup       1205 2022-07-24 21:38 /user/vagrant/lab1/pregunta10/resultado/part-00007-88eb2697-77c2-48d1-86d7-70ec50f40418-c000.gz.parquet
-rw-r--r--   1 vagrant supergroup       1216 2022-07-24 21:38 /user/vagrant/lab1/pregunta10/resultado/part-00008-88eb2697-77c2-48d1-86d7-70ec50f40418-c000.gz.parquet
-rw-r--r--   1 vagrant supergroup       1226 2022-07-24 21:38 /user/vagrant/lab1/pregunta10/resultado/part-00009-88eb2697-77c2-48d1-86d7-70ec50f40418-c000.gz.parquet
-rw-r--r--   1 vagrant supergroup       1199 2022-07-24 21:38 /user/vagrant/lab1/pregunta10/resultado/part-00010-88eb2697-77c2-48d1-86d7-70ec50f40418-c000.gz.parquet
-rw-r--r--   1 vagrant supergroup       1349 2022-07-24 21:38 /user/vagrant/lab1/pregunta10/resultado/part-00011-88eb2697-77c2-48d1-86d7-70ec50f40418-c000.gz.parquet
-rw-r--r--   1 vagrant supergroup       1205 2022-07-24 21:38 /user/vagrant/lab1/pregunta10/resultado/part-00012-88eb2697-77c2-48d1-86d7-70ec50f40418-c000.gz.parquet
-rw-r--r--   1 vagrant supergroup       1313 2022-07-24 21:38 /user/vagrant/lab1/pregunta10/resultado/part-00013-88eb2697-77c2-48d1-86d7-70ec50f40418-c000.gz.parquet
-rw-r--r--   1 vagrant supergroup       1285 2022-07-24 21:38 /user/vagrant/lab1/pregunta10/resultado/part-00014-88eb2697-77c2-48d1-86d7-70ec50f40418-c000.gz.parquet
-rw-r--r--   1 vagrant supergroup       1313 2022-07-24 21:38 /user/vagrant/lab1/pregunta10/resultado/part-00015-88eb2697-77c2-48d1-86d7-70ec50f40418-c000.gz.parquet
-rw-r--r--   1 vagrant supergroup       1208 2022-07-24 21:38 /user/vagrant/lab1/pregunta10/resultado/part-00016-88eb2697-77c2-48d1-86d7-70ec50f40418-c000.gz.parquet
-rw-r--r--   1 vagrant supergroup       1281 2022-07-24 21:38 /user/vagrant/lab1/pregunta10/resultado/part-00017-88eb2697-77c2-48d1-86d7-70ec50f40418-c000.gz.parquet
-rw-r--r--   1 vagrant supergroup       1282 2022-07-24 21:38 /user/vagrant/lab1/pregunta10/resultado/part-00018-88eb2697-77c2-48d1-86d7-70ec50f40418-c000.gz.parquet
-rw-r--r--   1 vagrant supergroup       1271 2022-07-24 21:38 /user/vagrant/lab1/pregunta10/resultado/part-00019-88eb2697-77c2-48d1-86d7-70ec50f40418-c000.gz.parquet
-rw-r--r--   1 vagrant supergroup       1300 2022-07-24 21:38 /user/vagrant/lab1/pregunta10/resultado/part-00020-88eb2697-77c2-48d1-86d7-70ec50f40418-c000.gz.parquet
-rw-r--r--   1 vagrant supergroup       1275 2022-07-24 21:38 /user/vagrant/lab1/pregunta10/resultado/part-00021-88eb2697-77c2-48d1-86d7-70ec50f40418-c000.gz.parquet
-rw-r--r--   1 vagrant supergroup       1244 2022-07-24 21:38 /user/vagrant/lab1/pregunta10/resultado/part-00022-88eb2697-77c2-48d1-86d7-70ec50f40418-c000.gz.parquet
-rw-r--r--   1 vagrant supergroup       1246 2022-07-24 21:38 /user/vagrant/lab1/pregunta10/resultado/part-00023-88eb2697-77c2-48d1-86d7-70ec50f40418-c000.gz.parquet
-rw-r--r--   1 vagrant supergroup       1269 2022-07-24 21:38 /user/vagrant/lab1/pregunta10/resultado/part-00026-88eb2697-77c2-48d1-86d7-70ec50f40418-c000.gz.parquet
-rw-r--r--   1 vagrant supergroup       1224 2022-07-24 21:38 /user/vagrant/lab1/pregunta10/resultado/part-00027-88eb2697-77c2-48d1-86d7-70ec50f40418-c000.gz.parquet
-rw-r--r--   1 vagrant supergroup       1202 2022-07-24 21:38 /user/vagrant/lab1/pregunta10/resultado/part-00028-88eb2697-77c2-48d1-86d7-70ec50f40418-c000.gz.parquet
-rw-r--r--   1 vagrant supergroup       1210 2022-07-24 21:38 /user/vagrant/lab1/pregunta10/resultado/part-00029-88eb2697-77c2-48d1-86d7-70ec50f40418-c000.gz.parquet
-rw-r--r--   1 vagrant supergroup       1309 2022-07-24 21:38 /user/vagrant/lab1/pregunta10/resultado/part-00030-88eb2697-77c2-48d1-86d7-70ec50f40418-c000.gz.parquet
-rw-r--r--   1 vagrant supergroup       1287 2022-07-24 21:39 /user/vagrant/lab1/pregunta10/resultado/part-00031-88eb2697-77c2-48d1-86d7-70ec50f40418-c000.gz.parquet
-rw-r--r--   1 vagrant supergroup       1197 2022-07-24 21:39 /user/vagrant/lab1/pregunta10/resultado/part-00032-88eb2697-77c2-48d1-86d7-70ec50f40418-c000.gz.parquet
-rw-r--r--   1 vagrant supergroup       1307 2022-07-24 21:39 /user/vagrant/lab1/pregunta10/resultado/part-00033-88eb2697-77c2-48d1-86d7-70ec50f40418-c000.gz.parquet
-rw-r--r--   1 vagrant supergroup       1281 2022-07-24 21:39 /user/vagrant/lab1/pregunta10/resultado/part-00034-88eb2697-77c2-48d1-86d7-70ec50f40418-c000.gz.parquet
-rw-r--r--   1 vagrant supergroup       1354 2022-07-24 21:39 /user/vagrant/lab1/pregunta10/resultado/part-00035-88eb2697-77c2-48d1-86d7-70ec50f40418-c000.gz.parquet
-rw-r--r--   1 vagrant supergroup       1323 2022-07-24 21:39 /user/vagrant/lab1/pregunta10/resultado/part-00036-88eb2697-77c2-48d1-86d7-70ec50f40418-c000.gz.parquet
-rw-r--r--   1 vagrant supergroup       1216 2022-07-24 21:39 /user/vagrant/lab1/pregunta10/resultado/part-00037-88eb2697-77c2-48d1-86d7-70ec50f40418-c000.gz.parquet
-rw-r--r--   1 vagrant supergroup       1296 2022-07-24 21:39 /user/vagrant/lab1/pregunta10/resultado/part-00038-88eb2697-77c2-48d1-86d7-70ec50f40418-c000.gz.parquet
-rw-r--r--   1 vagrant supergroup       1236 2022-07-24 21:39 /user/vagrant/lab1/pregunta10/resultado/part-00039-88eb2697-77c2-48d1-86d7-70ec50f40418-c000.gz.parquet
-rw-r--r--   1 vagrant supergroup       1350 2022-07-24 21:39 /user/vagrant/lab1/pregunta10/resultado/part-00040-88eb2697-77c2-48d1-86d7-70ec50f40418-c000.gz.parquet
-rw-r--r--   1 vagrant supergroup       1258 2022-07-24 21:39 /user/vagrant/lab1/pregunta10/resultado/part-00041-88eb2697-77c2-48d1-86d7-70ec50f40418-c000.gz.parquet
-rw-r--r--   1 vagrant supergroup       1274 2022-07-24 21:39 /user/vagrant/lab1/pregunta10/resultado/part-00043-88eb2697-77c2-48d1-86d7-70ec50f40418-c000.gz.parquet
-rw-r--r--   1 vagrant supergroup       1272 2022-07-24 21:39 /user/vagrant/lab1/pregunta10/resultado/part-00044-88eb2697-77c2-48d1-86d7-70ec50f40418-c000.gz.parquet
-rw-r--r--   1 vagrant supergroup       1289 2022-07-24 21:39 /user/vagrant/lab1/pregunta10/resultado/part-00045-88eb2697-77c2-48d1-86d7-70ec50f40418-c000.gz.parquet
-rw-r--r--   1 vagrant supergroup       1249 2022-07-24 21:39 /user/vagrant/lab1/pregunta10/resultado/part-00046-88eb2697-77c2-48d1-86d7-70ec50f40418-c000.gz.parquet
-rw-r--r--   1 vagrant supergroup       1208 2022-07-24 21:39 /user/vagrant/lab1/pregunta10/resultado/part-00047-88eb2697-77c2-48d1-86d7-70ec50f40418-c000.gz.parquet
-rw-r--r--   1 vagrant supergroup       1216 2022-07-24 21:39 /user/vagrant/lab1/pregunta10/resultado/part-00049-88eb2697-77c2-48d1-86d7-70ec50f40418-c000.gz.parquet
-rw-r--r--   1 vagrant supergroup       1198 2022-07-24 21:39 /user/vagrant/lab1/pregunta10/resultado/part-00050-88eb2697-77c2-48d1-86d7-70ec50f40418-c000.gz.parquet
-rw-r--r--   1 vagrant supergroup       1306 2022-07-24 21:39 /user/vagrant/lab1/pregunta10/resultado/part-00051-88eb2697-77c2-48d1-86d7-70ec50f40418-c000.gz.parquet
-rw-r--r--   1 vagrant supergroup       1208 2022-07-24 21:39 /user/vagrant/lab1/pregunta10/resultado/part-00052-88eb2697-77c2-48d1-86d7-70ec50f40418-c000.gz.parquet
-rw-r--r--   1 vagrant supergroup       1258 2022-07-24 21:39 /user/vagrant/lab1/pregunta10/resultado/part-00053-88eb2697-77c2-48d1-86d7-70ec50f40418-c000.gz.parquet
-rw-r--r--   1 vagrant supergroup       1245 2022-07-24 21:39 /user/vagrant/lab1/pregunta10/resultado/part-00054-88eb2697-77c2-48d1-86d7-70ec50f40418-c000.gz.parquet
-rw-r--r--   1 vagrant supergroup       1367 2022-07-24 21:39 /user/vagrant/lab1/pregunta10/resultado/part-00055-88eb2697-77c2-48d1-86d7-70ec50f40418-c000.gz.parquet
-rw-r--r--   1 vagrant supergroup       1229 2022-07-24 21:39 /user/vagrant/lab1/pregunta10/resultado/part-00056-88eb2697-77c2-48d1-86d7-70ec50f40418-c000.gz.parquet
-rw-r--r--   1 vagrant supergroup       1200 2022-07-24 21:39 /user/vagrant/lab1/pregunta10/resultado/part-00057-88eb2697-77c2-48d1-86d7-70ec50f40418-c000.gz.parquet
-rw-r--r--   1 vagrant supergroup       1329 2022-07-24 21:39 /user/vagrant/lab1/pregunta10/resultado/part-00058-88eb2697-77c2-48d1-86d7-70ec50f40418-c000.gz.parquet
-rw-r--r--   1 vagrant supergroup       1293 2022-07-24 21:39 /user/vagrant/lab1/pregunta10/resultado/part-00059-88eb2697-77c2-48d1-86d7-70ec50f40418-c000.gz.parquet
-rw-r--r--   1 vagrant supergroup       1208 2022-07-24 21:39 /user/vagrant/lab1/pregunta10/resultado/part-00060-88eb2697-77c2-48d1-86d7-70ec50f40418-c000.gz.parquet
-rw-r--r--   1 vagrant supergroup       1199 2022-07-24 21:39 /user/vagrant/lab1/pregunta10/resultado/part-00062-88eb2697-77c2-48d1-86d7-70ec50f40418-c000.gz.parquet
-rw-r--r--   1 vagrant supergroup       1243 2022-07-24 21:39 /user/vagrant/lab1/pregunta10/resultado/part-00063-88eb2697-77c2-48d1-86d7-70ec50f40418-c000.gz.parquet
-rw-r--r--   1 vagrant supergroup       1202 2022-07-24 21:39 /user/vagrant/lab1/pregunta10/resultado/part-00064-88eb2697-77c2-48d1-86d7-70ec50f40418-c000.gz.parquet
-rw-r--r--   1 vagrant supergroup       1227 2022-07-24 21:39 /user/vagrant/lab1/pregunta10/resultado/part-00065-88eb2697-77c2-48d1-86d7-70ec50f40418-c000.gz.parquet
-rw-r--r--   1 vagrant supergroup       1294 2022-07-24 21:39 /user/vagrant/lab1/pregunta10/resultado/part-00067-88eb2697-77c2-48d1-86d7-70ec50f40418-c000.gz.parquet
-rw-r--r--   1 vagrant supergroup       1235 2022-07-24 21:39 /user/vagrant/lab1/pregunta10/resultado/part-00068-88eb2697-77c2-48d1-86d7-70ec50f40418-c000.gz.parquet
-rw-r--r--   1 vagrant supergroup       1358 2022-07-24 21:39 /user/vagrant/lab1/pregunta10/resultado/part-00069-88eb2697-77c2-48d1-86d7-70ec50f40418-c000.gz.parquet
-rw-r--r--   1 vagrant supergroup       1198 2022-07-24 21:39 /user/vagrant/lab1/pregunta10/resultado/part-00070-88eb2697-77c2-48d1-86d7-70ec50f40418-c000.gz.parquet
-rw-r--r--   1 vagrant supergroup       1283 2022-07-24 21:39 /user/vagrant/lab1/pregunta10/resultado/part-00071-88eb2697-77c2-48d1-86d7-70ec50f40418-c000.gz.parquet
-rw-r--r--   1 vagrant supergroup       1351 2022-07-24 21:39 /user/vagrant/lab1/pregunta10/resultado/part-00072-88eb2697-77c2-48d1-86d7-70ec50f40418-c000.gz.parquet
-rw-r--r--   1 vagrant supergroup       1218 2022-07-24 21:39 /user/vagrant/lab1/pregunta10/resultado/part-00073-88eb2697-77c2-48d1-86d7-70ec50f40418-c000.gz.parquet
-rw-r--r--   1 vagrant supergroup       1338 2022-07-24 21:39 /user/vagrant/lab1/pregunta10/resultado/part-00074-88eb2697-77c2-48d1-86d7-70ec50f40418-c000.gz.parquet
-rw-r--r--   1 vagrant supergroup       1421 2022-07-24 21:39 /user/vagrant/lab1/pregunta10/resultado/part-00075-88eb2697-77c2-48d1-86d7-70ec50f40418-c000.gz.parquet
-rw-r--r--   1 vagrant supergroup       1287 2022-07-24 21:39 /user/vagrant/lab1/pregunta10/resultado/part-00076-88eb2697-77c2-48d1-86d7-70ec50f40418-c000.gz.parquet
-rw-r--r--   1 vagrant supergroup       1199 2022-07-24 21:39 /user/vagrant/lab1/pregunta10/resultado/part-00077-88eb2697-77c2-48d1-86d7-70ec50f40418-c000.gz.parquet
-rw-r--r--   1 vagrant supergroup       1201 2022-07-24 21:39 /user/vagrant/lab1/pregunta10/resultado/part-00078-88eb2697-77c2-48d1-86d7-70ec50f40418-c000.gz.parquet
-rw-r--r--   1 vagrant supergroup       1335 2022-07-24 21:39 /user/vagrant/lab1/pregunta10/resultado/part-00079-88eb2697-77c2-48d1-86d7-70ec50f40418-c000.gz.parquet
-rw-r--r--   1 vagrant supergroup       1230 2022-07-24 21:39 /user/vagrant/lab1/pregunta10/resultado/part-00080-88eb2697-77c2-48d1-86d7-70ec50f40418-c000.gz.parquet
-rw-r--r--   1 vagrant supergroup       1396 2022-07-24 21:39 /user/vagrant/lab1/pregunta10/resultado/part-00081-88eb2697-77c2-48d1-86d7-70ec50f40418-c000.gz.parquet
-rw-r--r--   1 vagrant supergroup       1251 2022-07-24 21:39 /user/vagrant/lab1/pregunta10/resultado/part-00082-88eb2697-77c2-48d1-86d7-70ec50f40418-c000.gz.parquet
-rw-r--r--   1 vagrant supergroup       1385 2022-07-24 21:39 /user/vagrant/lab1/pregunta10/resultado/part-00083-88eb2697-77c2-48d1-86d7-70ec50f40418-c000.gz.parquet
-rw-r--r--   1 vagrant supergroup       1227 2022-07-24 21:39 /user/vagrant/lab1/pregunta10/resultado/part-00084-88eb2697-77c2-48d1-86d7-70ec50f40418-c000.gz.parquet
-rw-r--r--   1 vagrant supergroup       1206 2022-07-24 21:39 /user/vagrant/lab1/pregunta10/resultado/part-00085-88eb2697-77c2-48d1-86d7-70ec50f40418-c000.gz.parquet
-rw-r--r--   1 vagrant supergroup       1216 2022-07-24 21:39 /user/vagrant/lab1/pregunta10/resultado/part-00086-88eb2697-77c2-48d1-86d7-70ec50f40418-c000.gz.parquet
-rw-r--r--   1 vagrant supergroup       1322 2022-07-24 21:39 /user/vagrant/lab1/pregunta10/resultado/part-00087-88eb2697-77c2-48d1-86d7-70ec50f40418-c000.gz.parquet
-rw-r--r--   1 vagrant supergroup       1245 2022-07-24 21:39 /user/vagrant/lab1/pregunta10/resultado/part-00088-88eb2697-77c2-48d1-86d7-70ec50f40418-c000.gz.parquet
-rw-r--r--   1 vagrant supergroup       1362 2022-07-24 21:39 /user/vagrant/lab1/pregunta10/resultado/part-00089-88eb2697-77c2-48d1-86d7-70ec50f40418-c000.gz.parquet
-rw-r--r--   1 vagrant supergroup       1321 2022-07-24 21:39 /user/vagrant/lab1/pregunta10/resultado/part-00090-88eb2697-77c2-48d1-86d7-70ec50f40418-c000.gz.parquet
-rw-r--r--   1 vagrant supergroup       1327 2022-07-24 21:39 /user/vagrant/lab1/pregunta10/resultado/part-00091-88eb2697-77c2-48d1-86d7-70ec50f40418-c000.gz.parquet
-rw-r--r--   1 vagrant supergroup       1211 2022-07-24 21:39 /user/vagrant/lab1/pregunta10/resultado/part-00092-88eb2697-77c2-48d1-86d7-70ec50f40418-c000.gz.parquet
-rw-r--r--   1 vagrant supergroup       1260 2022-07-24 21:39 /user/vagrant/lab1/pregunta10/resultado/part-00093-88eb2697-77c2-48d1-86d7-70ec50f40418-c000.gz.parquet
-rw-r--r--   1 vagrant supergroup       1236 2022-07-24 21:39 /user/vagrant/lab1/pregunta10/resultado/part-00094-88eb2697-77c2-48d1-86d7-70ec50f40418-c000.gz.parquet
-rw-r--r--   1 vagrant supergroup       1281 2022-07-24 21:39 /user/vagrant/lab1/pregunta10/resultado/part-00095-88eb2697-77c2-48d1-86d7-70ec50f40418-c000.gz.parquet
-rw-r--r--   1 vagrant supergroup       1199 2022-07-24 21:39 /user/vagrant/lab1/pregunta10/resultado/part-00096-88eb2697-77c2-48d1-86d7-70ec50f40418-c000.gz.parquet
-rw-r--r--   1 vagrant supergroup       1353 2022-07-24 21:39 /user/vagrant/lab1/pregunta10/resultado/part-00097-88eb2697-77c2-48d1-86d7-70ec50f40418-c000.gz.parquet
-rw-r--r--   1 vagrant supergroup       1284 2022-07-24 21:39 /user/vagrant/lab1/pregunta10/resultado/part-00098-88eb2697-77c2-48d1-86d7-70ec50f40418-c000.gz.parquet
-rw-r--r--   1 vagrant supergroup       1246 2022-07-24 21:39 /user/vagrant/lab1/pregunta10/resultado/part-00099-88eb2697-77c2-48d1-86d7-70ec50f40418-c000.gz.parquet
-rw-r--r--   1 vagrant supergroup       1199 2022-07-24 21:39 /user/vagrant/lab1/pregunta10/resultado/part-00100-88eb2697-77c2-48d1-86d7-70ec50f40418-c000.gz.parquet
-rw-r--r--   1 vagrant supergroup       1305 2022-07-24 21:39 /user/vagrant/lab1/pregunta10/resultado/part-00101-88eb2697-77c2-48d1-86d7-70ec50f40418-c000.gz.parquet
-rw-r--r--   1 vagrant supergroup       1283 2022-07-24 21:39 /user/vagrant/lab1/pregunta10/resultado/part-00102-88eb2697-77c2-48d1-86d7-70ec50f40418-c000.gz.parquet
-rw-r--r--   1 vagrant supergroup       1221 2022-07-24 21:39 /user/vagrant/lab1/pregunta10/resultado/part-00103-88eb2697-77c2-48d1-86d7-70ec50f40418-c000.gz.parquet
-rw-r--r--   1 vagrant supergroup       1204 2022-07-24 21:39 /user/vagrant/lab1/pregunta10/resultado/part-00104-88eb2697-77c2-48d1-86d7-70ec50f40418-c000.gz.parquet
-rw-r--r--   1 vagrant supergroup       1197 2022-07-24 21:39 /user/vagrant/lab1/pregunta10/resultado/part-00105-88eb2697-77c2-48d1-86d7-70ec50f40418-c000.gz.parquet
-rw-r--r--   1 vagrant supergroup       1212 2022-07-24 21:39 /user/vagrant/lab1/pregunta10/resultado/part-00106-88eb2697-77c2-48d1-86d7-70ec50f40418-c000.gz.parquet
-rw-r--r--   1 vagrant supergroup       1204 2022-07-24 21:39 /user/vagrant/lab1/pregunta10/resultado/part-00107-88eb2697-77c2-48d1-86d7-70ec50f40418-c000.gz.parquet
-rw-r--r--   1 vagrant supergroup       1347 2022-07-24 21:39 /user/vagrant/lab1/pregunta10/resultado/part-00108-88eb2697-77c2-48d1-86d7-70ec50f40418-c000.gz.parquet
-rw-r--r--   1 vagrant supergroup       1221 2022-07-24 21:39 /user/vagrant/lab1/pregunta10/resultado/part-00109-88eb2697-77c2-48d1-86d7-70ec50f40418-c000.gz.parquet
-rw-r--r--   1 vagrant supergroup       1217 2022-07-24 21:39 /user/vagrant/lab1/pregunta10/resultado/part-00110-88eb2697-77c2-48d1-86d7-70ec50f40418-c000.gz.parquet
-rw-r--r--   1 vagrant supergroup       1297 2022-07-24 21:39 /user/vagrant/lab1/pregunta10/resultado/part-00111-88eb2697-77c2-48d1-86d7-70ec50f40418-c000.gz.parquet
-rw-r--r--   1 vagrant supergroup       1200 2022-07-24 21:39 /user/vagrant/lab1/pregunta10/resultado/part-00112-88eb2697-77c2-48d1-86d7-70ec50f40418-c000.gz.parquet
-rw-r--r--   1 vagrant supergroup       1223 2022-07-24 21:39 /user/vagrant/lab1/pregunta10/resultado/part-00113-88eb2697-77c2-48d1-86d7-70ec50f40418-c000.gz.parquet
-rw-r--r--   1 vagrant supergroup       1252 2022-07-24 21:39 /user/vagrant/lab1/pregunta10/resultado/part-00114-88eb2697-77c2-48d1-86d7-70ec50f40418-c000.gz.parquet
-rw-r--r--   1 vagrant supergroup       1203 2022-07-24 21:39 /user/vagrant/lab1/pregunta10/resultado/part-00115-88eb2697-77c2-48d1-86d7-70ec50f40418-c000.gz.parquet
-rw-r--r--   1 vagrant supergroup       1276 2022-07-24 21:39 /user/vagrant/lab1/pregunta10/resultado/part-00116-88eb2697-77c2-48d1-86d7-70ec50f40418-c000.gz.parquet
-rw-r--r--   1 vagrant supergroup       1287 2022-07-24 21:39 /user/vagrant/lab1/pregunta10/resultado/part-00117-88eb2697-77c2-48d1-86d7-70ec50f40418-c000.gz.parquet
-rw-r--r--   1 vagrant supergroup       1302 2022-07-24 21:39 /user/vagrant/lab1/pregunta10/resultado/part-00118-88eb2697-77c2-48d1-86d7-70ec50f40418-c000.gz.parquet
-rw-r--r--   1 vagrant supergroup       1238 2022-07-24 21:39 /user/vagrant/lab1/pregunta10/resultado/part-00119-88eb2697-77c2-48d1-86d7-70ec50f40418-c000.gz.parquet
-rw-r--r--   1 vagrant supergroup       1198 2022-07-24 21:39 /user/vagrant/lab1/pregunta10/resultado/part-00120-88eb2697-77c2-48d1-86d7-70ec50f40418-c000.gz.parquet
-rw-r--r--   1 vagrant supergroup       1343 2022-07-24 21:39 /user/vagrant/lab1/pregunta10/resultado/part-00121-88eb2697-77c2-48d1-86d7-70ec50f40418-c000.gz.parquet
-rw-r--r--   1 vagrant supergroup       1198 2022-07-24 21:39 /user/vagrant/lab1/pregunta10/resultado/part-00122-88eb2697-77c2-48d1-86d7-70ec50f40418-c000.gz.parquet
-rw-r--r--   1 vagrant supergroup       1313 2022-07-24 21:39 /user/vagrant/lab1/pregunta10/resultado/part-00123-88eb2697-77c2-48d1-86d7-70ec50f40418-c000.gz.parquet
-rw-r--r--   1 vagrant supergroup       1226 2022-07-24 21:39 /user/vagrant/lab1/pregunta10/resultado/part-00124-88eb2697-77c2-48d1-86d7-70ec50f40418-c000.gz.parquet
-rw-r--r--   1 vagrant supergroup       1212 2022-07-24 21:39 /user/vagrant/lab1/pregunta10/resultado/part-00125-88eb2697-77c2-48d1-86d7-70ec50f40418-c000.gz.parquet
-rw-r--r--   1 vagrant supergroup       1212 2022-07-24 21:39 /user/vagrant/lab1/pregunta10/resultado/part-00126-88eb2697-77c2-48d1-86d7-70ec50f40418-c000.gz.parquet
-rw-r--r--   1 vagrant supergroup       1229 2022-07-24 21:39 /user/vagrant/lab1/pregunta10/resultado/part-00127-88eb2697-77c2-48d1-86d7-70ec50f40418-c000.gz.parquet
-rw-r--r--   1 vagrant supergroup       1232 2022-07-24 21:39 /user/vagrant/lab1/pregunta10/resultado/part-00128-88eb2697-77c2-48d1-86d7-70ec50f40418-c000.gz.parquet
-rw-r--r--   1 vagrant supergroup       1226 2022-07-24 21:39 /user/vagrant/lab1/pregunta10/resultado/part-00129-88eb2697-77c2-48d1-86d7-70ec50f40418-c000.gz.parquet
-rw-r--r--   1 vagrant supergroup       1350 2022-07-24 21:39 /user/vagrant/lab1/pregunta10/resultado/part-00130-88eb2697-77c2-48d1-86d7-70ec50f40418-c000.gz.parquet
-rw-r--r--   1 vagrant supergroup       1284 2022-07-24 21:39 /user/vagrant/lab1/pregunta10/resultado/part-00131-88eb2697-77c2-48d1-86d7-70ec50f40418-c000.gz.parquet
-rw-r--r--   1 vagrant supergroup       1199 2022-07-24 21:39 /user/vagrant/lab1/pregunta10/resultado/part-00132-88eb2697-77c2-48d1-86d7-70ec50f40418-c000.gz.parquet
-rw-r--r--   1 vagrant supergroup       1302 2022-07-24 21:39 /user/vagrant/lab1/pregunta10/resultado/part-00133-88eb2697-77c2-48d1-86d7-70ec50f40418-c000.gz.parquet
-rw-r--r--   1 vagrant supergroup       1259 2022-07-24 21:39 /user/vagrant/lab1/pregunta10/resultado/part-00134-88eb2697-77c2-48d1-86d7-70ec50f40418-c000.gz.parquet
-rw-r--r--   1 vagrant supergroup       1243 2022-07-24 21:39 /user/vagrant/lab1/pregunta10/resultado/part-00135-88eb2697-77c2-48d1-86d7-70ec50f40418-c000.gz.parquet
-rw-r--r--   1 vagrant supergroup       1235 2022-07-24 21:39 /user/vagrant/lab1/pregunta10/resultado/part-00136-88eb2697-77c2-48d1-86d7-70ec50f40418-c000.gz.parquet
-rw-r--r--   1 vagrant supergroup       1199 2022-07-24 21:39 /user/vagrant/lab1/pregunta10/resultado/part-00137-88eb2697-77c2-48d1-86d7-70ec50f40418-c000.gz.parquet
-rw-r--r--   1 vagrant supergroup       1202 2022-07-24 21:39 /user/vagrant/lab1/pregunta10/resultado/part-00138-88eb2697-77c2-48d1-86d7-70ec50f40418-c000.gz.parquet
-rw-r--r--   1 vagrant supergroup       1308 2022-07-24 21:39 /user/vagrant/lab1/pregunta10/resultado/part-00139-88eb2697-77c2-48d1-86d7-70ec50f40418-c000.gz.parquet
-rw-r--r--   1 vagrant supergroup       1209 2022-07-24 21:39 /user/vagrant/lab1/pregunta10/resultado/part-00140-88eb2697-77c2-48d1-86d7-70ec50f40418-c000.gz.parquet
-rw-r--r--   1 vagrant supergroup       1223 2022-07-24 21:39 /user/vagrant/lab1/pregunta10/resultado/part-00141-88eb2697-77c2-48d1-86d7-70ec50f40418-c000.gz.parquet
-rw-r--r--   1 vagrant supergroup       1236 2022-07-24 21:39 /user/vagrant/lab1/pregunta10/resultado/part-00142-88eb2697-77c2-48d1-86d7-70ec50f40418-c000.gz.parquet
-rw-r--r--   1 vagrant supergroup       1255 2022-07-24 21:39 /user/vagrant/lab1/pregunta10/resultado/part-00143-88eb2697-77c2-48d1-86d7-70ec50f40418-c000.gz.parquet
-rw-r--r--   1 vagrant supergroup       1396 2022-07-24 21:39 /user/vagrant/lab1/pregunta10/resultado/part-00144-88eb2697-77c2-48d1-86d7-70ec50f40418-c000.gz.parquet
-rw-r--r--   1 vagrant supergroup       1236 2022-07-24 21:39 /user/vagrant/lab1/pregunta10/resultado/part-00145-88eb2697-77c2-48d1-86d7-70ec50f40418-c000.gz.parquet
-rw-r--r--   1 vagrant supergroup       1239 2022-07-24 21:39 /user/vagrant/lab1/pregunta10/resultado/part-00146-88eb2697-77c2-48d1-86d7-70ec50f40418-c000.gz.parquet
-rw-r--r--   1 vagrant supergroup       1281 2022-07-24 21:39 /user/vagrant/lab1/pregunta10/resultado/part-00147-88eb2697-77c2-48d1-86d7-70ec50f40418-c000.gz.parquet
-rw-r--r--   1 vagrant supergroup       1253 2022-07-24 21:39 /user/vagrant/lab1/pregunta10/resultado/part-00148-88eb2697-77c2-48d1-86d7-70ec50f40418-c000.gz.parquet
-rw-r--r--   1 vagrant supergroup       1228 2022-07-24 21:39 /user/vagrant/lab1/pregunta10/resultado/part-00149-88eb2697-77c2-48d1-86d7-70ec50f40418-c000.gz.parquet
-rw-r--r--   1 vagrant supergroup       1309 2022-07-24 21:39 /user/vagrant/lab1/pregunta10/resultado/part-00150-88eb2697-77c2-48d1-86d7-70ec50f40418-c000.gz.parquet
-rw-r--r--   1 vagrant supergroup       1231 2022-07-24 21:39 /user/vagrant/lab1/pregunta10/resultado/part-00151-88eb2697-77c2-48d1-86d7-70ec50f40418-c000.gz.parquet
-rw-r--r--   1 vagrant supergroup       1208 2022-07-24 21:39 /user/vagrant/lab1/pregunta10/resultado/part-00152-88eb2697-77c2-48d1-86d7-70ec50f40418-c000.gz.parquet
-rw-r--r--   1 vagrant supergroup       1221 2022-07-24 21:39 /user/vagrant/lab1/pregunta10/resultado/part-00153-88eb2697-77c2-48d1-86d7-70ec50f40418-c000.gz.parquet
-rw-r--r--   1 vagrant supergroup       1260 2022-07-24 21:39 /user/vagrant/lab1/pregunta10/resultado/part-00154-88eb2697-77c2-48d1-86d7-70ec50f40418-c000.gz.parquet
-rw-r--r--   1 vagrant supergroup       1259 2022-07-24 21:39 /user/vagrant/lab1/pregunta10/resultado/part-00155-88eb2697-77c2-48d1-86d7-70ec50f40418-c000.gz.parquet
-rw-r--r--   1 vagrant supergroup       1221 2022-07-24 21:39 /user/vagrant/lab1/pregunta10/resultado/part-00156-88eb2697-77c2-48d1-86d7-70ec50f40418-c000.gz.parquet
-rw-r--r--   1 vagrant supergroup       1370 2022-07-24 21:39 /user/vagrant/lab1/pregunta10/resultado/part-00157-88eb2697-77c2-48d1-86d7-70ec50f40418-c000.gz.parquet
-rw-r--r--   1 vagrant supergroup       1346 2022-07-24 21:39 /user/vagrant/lab1/pregunta10/resultado/part-00158-88eb2697-77c2-48d1-86d7-70ec50f40418-c000.gz.parquet
-rw-r--r--   1 vagrant supergroup       1350 2022-07-24 21:39 /user/vagrant/lab1/pregunta10/resultado/part-00159-88eb2697-77c2-48d1-86d7-70ec50f40418-c000.gz.parquet
-rw-r--r--   1 vagrant supergroup       1209 2022-07-24 21:39 /user/vagrant/lab1/pregunta10/resultado/part-00160-88eb2697-77c2-48d1-86d7-70ec50f40418-c000.gz.parquet
-rw-r--r--   1 vagrant supergroup       1263 2022-07-24 21:39 /user/vagrant/lab1/pregunta10/resultado/part-00161-88eb2697-77c2-48d1-86d7-70ec50f40418-c000.gz.parquet
-rw-r--r--   1 vagrant supergroup       1272 2022-07-24 21:39 /user/vagrant/lab1/pregunta10/resultado/part-00162-88eb2697-77c2-48d1-86d7-70ec50f40418-c000.gz.parquet
-rw-r--r--   1 vagrant supergroup       1202 2022-07-24 21:39 /user/vagrant/lab1/pregunta10/resultado/part-00163-88eb2697-77c2-48d1-86d7-70ec50f40418-c000.gz.parquet
-rw-r--r--   1 vagrant supergroup       1227 2022-07-24 21:39 /user/vagrant/lab1/pregunta10/resultado/part-00164-88eb2697-77c2-48d1-86d7-70ec50f40418-c000.gz.parquet
-rw-r--r--   1 vagrant supergroup       1199 2022-07-24 21:39 /user/vagrant/lab1/pregunta10/resultado/part-00165-88eb2697-77c2-48d1-86d7-70ec50f40418-c000.gz.parquet
-rw-r--r--   1 vagrant supergroup       1307 2022-07-24 21:39 /user/vagrant/lab1/pregunta10/resultado/part-00166-88eb2697-77c2-48d1-86d7-70ec50f40418-c000.gz.parquet
-rw-r--r--   1 vagrant supergroup       1256 2022-07-24 21:39 /user/vagrant/lab1/pregunta10/resultado/part-00167-88eb2697-77c2-48d1-86d7-70ec50f40418-c000.gz.parquet
-rw-r--r--   1 vagrant supergroup       1202 2022-07-24 21:39 /user/vagrant/lab1/pregunta10/resultado/part-00168-88eb2697-77c2-48d1-86d7-70ec50f40418-c000.gz.parquet
-rw-r--r--   1 vagrant supergroup       1256 2022-07-24 21:39 /user/vagrant/lab1/pregunta10/resultado/part-00169-88eb2697-77c2-48d1-86d7-70ec50f40418-c000.gz.parquet
-rw-r--r--   1 vagrant supergroup       1244 2022-07-24 21:39 /user/vagrant/lab1/pregunta10/resultado/part-00170-88eb2697-77c2-48d1-86d7-70ec50f40418-c000.gz.parquet
-rw-r--r--   1 vagrant supergroup       1253 2022-07-24 21:39 /user/vagrant/lab1/pregunta10/resultado/part-00171-88eb2697-77c2-48d1-86d7-70ec50f40418-c000.gz.parquet
-rw-r--r--   1 vagrant supergroup       1205 2022-07-24 21:39 /user/vagrant/lab1/pregunta10/resultado/part-00173-88eb2697-77c2-48d1-86d7-70ec50f40418-c000.gz.parquet
-rw-r--r--   1 vagrant supergroup       1205 2022-07-24 21:39 /user/vagrant/lab1/pregunta10/resultado/part-00174-88eb2697-77c2-48d1-86d7-70ec50f40418-c000.gz.parquet
-rw-r--r--   1 vagrant supergroup       1200 2022-07-24 21:39 /user/vagrant/lab1/pregunta10/resultado/part-00175-88eb2697-77c2-48d1-86d7-70ec50f40418-c000.gz.parquet
-rw-r--r--   1 vagrant supergroup       1197 2022-07-24 21:39 /user/vagrant/lab1/pregunta10/resultado/part-00176-88eb2697-77c2-48d1-86d7-70ec50f40418-c000.gz.parquet
-rw-r--r--   1 vagrant supergroup       1252 2022-07-24 21:39 /user/vagrant/lab1/pregunta10/resultado/part-00177-88eb2697-77c2-48d1-86d7-70ec50f40418-c000.gz.parquet
-rw-r--r--   1 vagrant supergroup       1334 2022-07-24 21:39 /user/vagrant/lab1/pregunta10/resultado/part-00178-88eb2697-77c2-48d1-86d7-70ec50f40418-c000.gz.parquet
-rw-r--r--   1 vagrant supergroup       1227 2022-07-24 21:39 /user/vagrant/lab1/pregunta10/resultado/part-00179-88eb2697-77c2-48d1-86d7-70ec50f40418-c000.gz.parquet
-rw-r--r--   1 vagrant supergroup       1199 2022-07-24 21:39 /user/vagrant/lab1/pregunta10/resultado/part-00180-88eb2697-77c2-48d1-86d7-70ec50f40418-c000.gz.parquet
-rw-r--r--   1 vagrant supergroup       1320 2022-07-24 21:39 /user/vagrant/lab1/pregunta10/resultado/part-00181-88eb2697-77c2-48d1-86d7-70ec50f40418-c000.gz.parquet
-rw-r--r--   1 vagrant supergroup       1293 2022-07-24 21:39 /user/vagrant/lab1/pregunta10/resultado/part-00182-88eb2697-77c2-48d1-86d7-70ec50f40418-c000.gz.parquet
-rw-r--r--   1 vagrant supergroup       1271 2022-07-24 21:39 /user/vagrant/lab1/pregunta10/resultado/part-00183-88eb2697-77c2-48d1-86d7-70ec50f40418-c000.gz.parquet
-rw-r--r--   1 vagrant supergroup       1199 2022-07-24 21:39 /user/vagrant/lab1/pregunta10/resultado/part-00184-88eb2697-77c2-48d1-86d7-70ec50f40418-c000.gz.parquet
-rw-r--r--   1 vagrant supergroup       1199 2022-07-24 21:39 /user/vagrant/lab1/pregunta10/resultado/part-00185-88eb2697-77c2-48d1-86d7-70ec50f40418-c000.gz.parquet
-rw-r--r--   1 vagrant supergroup       1245 2022-07-24 21:39 /user/vagrant/lab1/pregunta10/resultado/part-00186-88eb2697-77c2-48d1-86d7-70ec50f40418-c000.gz.parquet
-rw-r--r--   1 vagrant supergroup       1225 2022-07-24 21:39 /user/vagrant/lab1/pregunta10/resultado/part-00187-88eb2697-77c2-48d1-86d7-70ec50f40418-c000.gz.parquet
-rw-r--r--   1 vagrant supergroup       1228 2022-07-24 21:39 /user/vagrant/lab1/pregunta10/resultado/part-00188-88eb2697-77c2-48d1-86d7-70ec50f40418-c000.gz.parquet
-rw-r--r--   1 vagrant supergroup       1366 2022-07-24 21:39 /user/vagrant/lab1/pregunta10/resultado/part-00189-88eb2697-77c2-48d1-86d7-70ec50f40418-c000.gz.parquet
-rw-r--r--   1 vagrant supergroup       1352 2022-07-24 21:39 /user/vagrant/lab1/pregunta10/resultado/part-00190-88eb2697-77c2-48d1-86d7-70ec50f40418-c000.gz.parquet
-rw-r--r--   1 vagrant supergroup       1200 2022-07-24 21:39 /user/vagrant/lab1/pregunta10/resultado/part-00191-88eb2697-77c2-48d1-86d7-70ec50f40418-c000.gz.parquet
-rw-r--r--   1 vagrant supergroup       1219 2022-07-24 21:39 /user/vagrant/lab1/pregunta10/resultado/part-00192-88eb2697-77c2-48d1-86d7-70ec50f40418-c000.gz.parquet
-rw-r--r--   1 vagrant supergroup       1202 2022-07-24 21:39 /user/vagrant/lab1/pregunta10/resultado/part-00193-88eb2697-77c2-48d1-86d7-70ec50f40418-c000.gz.parquet
-rw-r--r--   1 vagrant supergroup       1200 2022-07-24 21:39 /user/vagrant/lab1/pregunta10/resultado/part-00195-88eb2697-77c2-48d1-86d7-70ec50f40418-c000.gz.parquet
-rw-r--r--   1 vagrant supergroup       1240 2022-07-24 21:39 /user/vagrant/lab1/pregunta10/resultado/part-00196-88eb2697-77c2-48d1-86d7-70ec50f40418-c000.gz.parquet
-rw-r--r--   1 vagrant supergroup       1311 2022-07-24 21:39 /user/vagrant/lab1/pregunta10/resultado/part-00197-88eb2697-77c2-48d1-86d7-70ec50f40418-c000.gz.parquet
-rw-r--r--   1 vagrant supergroup       1215 2022-07-24 21:39 /user/vagrant/lab1/pregunta10/resultado/part-00198-88eb2697-77c2-48d1-86d7-70ec50f40418-c000.gz.parquet
-rw-r--r--   1 vagrant supergroup       1255 2022-07-24 21:39 /user/vagrant/lab1/pregunta10/resultado/part-00199-88eb2697-77c2-48d1-86d7-70ec50f40418-c000.gz.parquet
[vagrant@10 ~]$ clear
[vagrant@10 ~]$ hdfs dfs -ls /user/vagrant/lab1/pregunta1/resultado
Found 2 items
-rw-r--r--   1 vagrant supergroup          0 2022-07-20 02:00 /user/vagrant/lab1/pregunta1/resultado/_SUCCESS
-rw-r--r--   1 vagrant supergroup     647736 2022-07-20 02:00 /user/vagrant/lab1/pregunta1/resultado/part-00000-ee74b782-79da-4214-8202-d4ab5f951305-c000.avro
[vagrant@10 ~]$ hdfs dfs -ls /user/vagrant/lab1/pregunta2/resultado
Found 2 items
-rw-r--r--   1 vagrant supergroup          0 2022-07-23 22:36 /user/vagrant/lab1/pregunta2/resultado/_SUCCESS
-rw-r--r--   1 vagrant supergroup     251269 2022-07-23 22:36 /user/vagrant/lab1/pregunta2/resultado/part-00000-d21e5200-2b6e-4d1c-b6de-878928ef2b23-c000.snappy.parquet
[vagrant@10 ~]$ hdfs dfs -ls /user/vagrant/lab1/pregunta3/resultado2
Found 2 items
-rw-r--r--   1 vagrant supergroup          0 2022-07-23 23:01 /user/vagrant/lab1/pregunta3/resultado2/_SUCCESS
-rw-r--r--   1 vagrant supergroup     120532 2022-07-23 23:01 /user/vagrant/lab1/pregunta3/resultado2/part-00000-9413b99f-25d3-4727-a28e-d1fd4144e3c8-c000.gz.parquet
[vagrant@10 ~]$ hdfs dfs -ls /user/vagrant/lab1/pregunta4/resultado
Found 9 items
-rw-r--r--   1 vagrant supergroup          0 2022-07-23 23:45 /user/vagrant/lab1/pregunta4/resultado/_SUCCESS
-rw-r--r--   1 vagrant supergroup       5027 2022-07-23 23:45 /user/vagrant/lab1/pregunta4/resultado/part-00000-f209ce65-c380-40c5-b72a-be40a4ed3770-c000.json
-rw-r--r--   1 vagrant supergroup       6986 2022-07-23 23:45 /user/vagrant/lab1/pregunta4/resultado/part-00001-f209ce65-c380-40c5-b72a-be40a4ed3770-c000.json
-rw-r--r--   1 vagrant supergroup      14793 2022-07-23 23:45 /user/vagrant/lab1/pregunta4/resultado/part-00002-f209ce65-c380-40c5-b72a-be40a4ed3770-c000.json
-rw-r--r--   1 vagrant supergroup      30582 2022-07-23 23:45 /user/vagrant/lab1/pregunta4/resultado/part-00003-f209ce65-c380-40c5-b72a-be40a4ed3770-c000.json
-rw-r--r--   1 vagrant supergroup      53202 2022-07-23 23:45 /user/vagrant/lab1/pregunta4/resultado/part-00004-f209ce65-c380-40c5-b72a-be40a4ed3770-c000.json
-rw-r--r--   1 vagrant supergroup      85994 2022-07-23 23:45 /user/vagrant/lab1/pregunta4/resultado/part-00005-f209ce65-c380-40c5-b72a-be40a4ed3770-c000.json
-rw-r--r--   1 vagrant supergroup     127097 2022-07-23 23:45 /user/vagrant/lab1/pregunta4/resultado/part-00006-f209ce65-c380-40c5-b72a-be40a4ed3770-c000.json
-rw-r--r--   1 vagrant supergroup     159619 2022-07-23 23:45 /user/vagrant/lab1/pregunta4/resultado/part-00007-f209ce65-c380-40c5-b72a-be40a4ed3770-c000.json
[vagrant@10 ~]$ hdfs dfs -ls /user/vagrant/lab1/pregunta5/resultado
Found 2 items
-rw-r--r--   1 vagrant supergroup          0 2022-07-24 03:37 /user/vagrant/lab1/pregunta5/resultado/_SUCCESS
-rw-r--r--   1 vagrant supergroup       4819 2022-07-24 03:37 /user/vagrant/lab1/pregunta5/resultado/part-00000-95ae9ee7-ed03-4b9c-b49f-54e68ea46f96-c000.txt.gz
[vagrant@10 ~]$ hdfs dfs -ls /user/vagrant/lab1/pregunta6/resultado
Found 2 items
-rw-r--r--   1 vagrant supergroup          0 2022-07-24 14:43 /user/vagrant/lab1/pregunta6/resultado/_SUCCESS
-rw-r--r--   1 vagrant supergroup     108576 2022-07-24 14:43 /user/vagrant/lab1/pregunta6/resultado/part-00000-63a28bcb-f053-4801-8dc2-f2693bfa05f7-c000.txt.bz2
[vagrant@10 ~]$ hdfs dfs -ls /user/vagrant/lab1/pregunta8/resultado
Found 15 items
-rw-r--r--   1 vagrant supergroup          0 2022-07-24 18:15 /user/vagrant/lab1/pregunta8/resultado/_SUCCESS
-rw-r--r--   1 vagrant supergroup        350 2022-07-24 18:15 /user/vagrant/lab1/pregunta8/resultado/part-00000-0d986dfb-25a9-499d-a16f-a0127f69d994-c000.parquet
-rw-r--r--   1 vagrant supergroup        643 2022-07-24 18:15 /user/vagrant/lab1/pregunta8/resultado/part-00043-0d986dfb-25a9-499d-a16f-a0127f69d994-c000.parquet
-rw-r--r--   1 vagrant supergroup        659 2022-07-24 18:15 /user/vagrant/lab1/pregunta8/resultado/part-00051-0d986dfb-25a9-499d-a16f-a0127f69d994-c000.parquet
-rw-r--r--   1 vagrant supergroup        659 2022-07-24 18:15 /user/vagrant/lab1/pregunta8/resultado/part-00053-0d986dfb-25a9-499d-a16f-a0127f69d994-c000.parquet
-rw-r--r--   1 vagrant supergroup        659 2022-07-24 18:15 /user/vagrant/lab1/pregunta8/resultado/part-00071-0d986dfb-25a9-499d-a16f-a0127f69d994-c000.parquet
-rw-r--r--   1 vagrant supergroup        659 2022-07-24 18:15 /user/vagrant/lab1/pregunta8/resultado/part-00073-0d986dfb-25a9-499d-a16f-a0127f69d994-c000.parquet
-rw-r--r--   1 vagrant supergroup        659 2022-07-24 18:15 /user/vagrant/lab1/pregunta8/resultado/part-00091-0d986dfb-25a9-499d-a16f-a0127f69d994-c000.parquet
-rw-r--r--   1 vagrant supergroup        659 2022-07-24 18:15 /user/vagrant/lab1/pregunta8/resultado/part-00121-0d986dfb-25a9-499d-a16f-a0127f69d994-c000.parquet
-rw-r--r--   1 vagrant supergroup        659 2022-07-24 18:15 /user/vagrant/lab1/pregunta8/resultado/part-00128-0d986dfb-25a9-499d-a16f-a0127f69d994-c000.parquet
-rw-r--r--   1 vagrant supergroup        659 2022-07-24 18:15 /user/vagrant/lab1/pregunta8/resultado/part-00156-0d986dfb-25a9-499d-a16f-a0127f69d994-c000.parquet
-rw-r--r--   1 vagrant supergroup        659 2022-07-24 18:15 /user/vagrant/lab1/pregunta8/resultado/part-00157-0d986dfb-25a9-499d-a16f-a0127f69d994-c000.parquet
-rw-r--r--   1 vagrant supergroup        659 2022-07-24 18:15 /user/vagrant/lab1/pregunta8/resultado/part-00163-0d986dfb-25a9-499d-a16f-a0127f69d994-c000.parquet
-rw-r--r--   1 vagrant supergroup        659 2022-07-24 18:15 /user/vagrant/lab1/pregunta8/resultado/part-00176-0d986dfb-25a9-499d-a16f-a0127f69d994-c000.parquet
-rw-r--r--   1 vagrant supergroup        659 2022-07-24 18:15 /user/vagrant/lab1/pregunta8/resultado/part-00190-0d986dfb-25a9-499d-a16f-a0127f69d994-c000.parquet
[vagrant@10 ~]$ hdfs dfs -ls /user/vagrant/lab1/pregunta9/resultado
Found 3 items
-rw-r--r--   1 vagrant supergroup          0 2022-07-24 19:08 /user/vagrant/lab1/pregunta9/resultado/_SUCCESS
-rw-r--r--   1 vagrant supergroup    1839656 2022-07-24 19:08 /user/vagrant/lab1/pregunta9/resultado/part-00000-06c7d4a9-1c24-41e6-b23f-5986fd40a710-c000.orc
-rw-r--r--   1 vagrant supergroup     230101 2022-07-24 19:08 /user/vagrant/lab1/pregunta9/resultado/part-00001-06c7d4a9-1c24-41e6-b23f-5986fd40a710-c000.orc
[vagrant@10 ~]$ hdfs dfs -ls /user/vagrant/lab1/pregunta10/resultado
Found 193 items
-rw-r--r--   1 vagrant supergroup          0 2022-07-24 21:39 /user/vagrant/lab1/pregunta10/resultado/_SUCCESS
-rw-r--r--   1 vagrant supergroup       1217 2022-07-24 21:38 /user/vagrant/lab1/pregunta10/resultado/part-00000-88eb2697-77c2-48d1-86d7-70ec50f40418-c000.gz.parquet
-rw-r--r--   1 vagrant supergroup       1292 2022-07-24 21:38 /user/vagrant/lab1/pregunta10/resultado/part-00001-88eb2697-77c2-48d1-86d7-70ec50f40418-c000.gz.parquet
-rw-r--r--   1 vagrant supergroup       1300 2022-07-24 21:38 /user/vagrant/lab1/pregunta10/resultado/part-00002-88eb2697-77c2-48d1-86d7-70ec50f40418-c000.gz.parquet
-rw-r--r--   1 vagrant supergroup       1193 2022-07-24 21:38 /user/vagrant/lab1/pregunta10/resultado/part-00003-88eb2697-77c2-48d1-86d7-70ec50f40418-c000.gz.parquet
-rw-r--r--   1 vagrant supergroup       1218 2022-07-24 21:38 /user/vagrant/lab1/pregunta10/resultado/part-00004-88eb2697-77c2-48d1-86d7-70ec50f40418-c000.gz.parquet
-rw-r--r--   1 vagrant supergroup       1224 2022-07-24 21:38 /user/vagrant/lab1/pregunta10/resultado/part-00005-88eb2697-77c2-48d1-86d7-70ec50f40418-c000.gz.parquet
-rw-r--r--   1 vagrant supergroup       1287 2022-07-24 21:38 /user/vagrant/lab1/pregunta10/resultado/part-00006-88eb2697-77c2-48d1-86d7-70ec50f40418-c000.gz.parquet
-rw-r--r--   1 vagrant supergroup       1205 2022-07-24 21:38 /user/vagrant/lab1/pregunta10/resultado/part-00007-88eb2697-77c2-48d1-86d7-70ec50f40418-c000.gz.parquet
-rw-r--r--   1 vagrant supergroup       1216 2022-07-24 21:38 /user/vagrant/lab1/pregunta10/resultado/part-00008-88eb2697-77c2-48d1-86d7-70ec50f40418-c000.gz.parquet
-rw-r--r--   1 vagrant supergroup       1226 2022-07-24 21:38 /user/vagrant/lab1/pregunta10/resultado/part-00009-88eb2697-77c2-48d1-86d7-70ec50f40418-c000.gz.parquet
-rw-r--r--   1 vagrant supergroup       1199 2022-07-24 21:38 /user/vagrant/lab1/pregunta10/resultado/part-00010-88eb2697-77c2-48d1-86d7-70ec50f40418-c000.gz.parquet
-rw-r--r--   1 vagrant supergroup       1349 2022-07-24 21:38 /user/vagrant/lab1/pregunta10/resultado/part-00011-88eb2697-77c2-48d1-86d7-70ec50f40418-c000.gz.parquet
-rw-r--r--   1 vagrant supergroup       1205 2022-07-24 21:38 /user/vagrant/lab1/pregunta10/resultado/part-00012-88eb2697-77c2-48d1-86d7-70ec50f40418-c000.gz.parquet
-rw-r--r--   1 vagrant supergroup       1313 2022-07-24 21:38 /user/vagrant/lab1/pregunta10/resultado/part-00013-88eb2697-77c2-48d1-86d7-70ec50f40418-c000.gz.parquet
-rw-r--r--   1 vagrant supergroup       1285 2022-07-24 21:38 /user/vagrant/lab1/pregunta10/resultado/part-00014-88eb2697-77c2-48d1-86d7-70ec50f40418-c000.gz.parquet
-rw-r--r--   1 vagrant supergroup       1313 2022-07-24 21:38 /user/vagrant/lab1/pregunta10/resultado/part-00015-88eb2697-77c2-48d1-86d7-70ec50f40418-c000.gz.parquet
-rw-r--r--   1 vagrant supergroup       1208 2022-07-24 21:38 /user/vagrant/lab1/pregunta10/resultado/part-00016-88eb2697-77c2-48d1-86d7-70ec50f40418-c000.gz.parquet
-rw-r--r--   1 vagrant supergroup       1281 2022-07-24 21:38 /user/vagrant/lab1/pregunta10/resultado/part-00017-88eb2697-77c2-48d1-86d7-70ec50f40418-c000.gz.parquet
-rw-r--r--   1 vagrant supergroup       1282 2022-07-24 21:38 /user/vagrant/lab1/pregunta10/resultado/part-00018-88eb2697-77c2-48d1-86d7-70ec50f40418-c000.gz.parquet
-rw-r--r--   1 vagrant supergroup       1271 2022-07-24 21:38 /user/vagrant/lab1/pregunta10/resultado/part-00019-88eb2697-77c2-48d1-86d7-70ec50f40418-c000.gz.parquet
-rw-r--r--   1 vagrant supergroup       1300 2022-07-24 21:38 /user/vagrant/lab1/pregunta10/resultado/part-00020-88eb2697-77c2-48d1-86d7-70ec50f40418-c000.gz.parquet
-rw-r--r--   1 vagrant supergroup       1275 2022-07-24 21:38 /user/vagrant/lab1/pregunta10/resultado/part-00021-88eb2697-77c2-48d1-86d7-70ec50f40418-c000.gz.parquet
-rw-r--r--   1 vagrant supergroup       1244 2022-07-24 21:38 /user/vagrant/lab1/pregunta10/resultado/part-00022-88eb2697-77c2-48d1-86d7-70ec50f40418-c000.gz.parquet
-rw-r--r--   1 vagrant supergroup       1246 2022-07-24 21:38 /user/vagrant/lab1/pregunta10/resultado/part-00023-88eb2697-77c2-48d1-86d7-70ec50f40418-c000.gz.parquet
-rw-r--r--   1 vagrant supergroup       1269 2022-07-24 21:38 /user/vagrant/lab1/pregunta10/resultado/part-00026-88eb2697-77c2-48d1-86d7-70ec50f40418-c000.gz.parquet
-rw-r--r--   1 vagrant supergroup       1224 2022-07-24 21:38 /user/vagrant/lab1/pregunta10/resultado/part-00027-88eb2697-77c2-48d1-86d7-70ec50f40418-c000.gz.parquet
-rw-r--r--   1 vagrant supergroup       1202 2022-07-24 21:38 /user/vagrant/lab1/pregunta10/resultado/part-00028-88eb2697-77c2-48d1-86d7-70ec50f40418-c000.gz.parquet
-rw-r--r--   1 vagrant supergroup       1210 2022-07-24 21:38 /user/vagrant/lab1/pregunta10/resultado/part-00029-88eb2697-77c2-48d1-86d7-70ec50f40418-c000.gz.parquet
-rw-r--r--   1 vagrant supergroup       1309 2022-07-24 21:38 /user/vagrant/lab1/pregunta10/resultado/part-00030-88eb2697-77c2-48d1-86d7-70ec50f40418-c000.gz.parquet
-rw-r--r--   1 vagrant supergroup       1287 2022-07-24 21:39 /user/vagrant/lab1/pregunta10/resultado/part-00031-88eb2697-77c2-48d1-86d7-70ec50f40418-c000.gz.parquet
-rw-r--r--   1 vagrant supergroup       1197 2022-07-24 21:39 /user/vagrant/lab1/pregunta10/resultado/part-00032-88eb2697-77c2-48d1-86d7-70ec50f40418-c000.gz.parquet
-rw-r--r--   1 vagrant supergroup       1307 2022-07-24 21:39 /user/vagrant/lab1/pregunta10/resultado/part-00033-88eb2697-77c2-48d1-86d7-70ec50f40418-c000.gz.parquet
-rw-r--r--   1 vagrant supergroup       1281 2022-07-24 21:39 /user/vagrant/lab1/pregunta10/resultado/part-00034-88eb2697-77c2-48d1-86d7-70ec50f40418-c000.gz.parquet
-rw-r--r--   1 vagrant supergroup       1354 2022-07-24 21:39 /user/vagrant/lab1/pregunta10/resultado/part-00035-88eb2697-77c2-48d1-86d7-70ec50f40418-c000.gz.parquet
-rw-r--r--   1 vagrant supergroup       1323 2022-07-24 21:39 /user/vagrant/lab1/pregunta10/resultado/part-00036-88eb2697-77c2-48d1-86d7-70ec50f40418-c000.gz.parquet
-rw-r--r--   1 vagrant supergroup       1216 2022-07-24 21:39 /user/vagrant/lab1/pregunta10/resultado/part-00037-88eb2697-77c2-48d1-86d7-70ec50f40418-c000.gz.parquet
-rw-r--r--   1 vagrant supergroup       1296 2022-07-24 21:39 /user/vagrant/lab1/pregunta10/resultado/part-00038-88eb2697-77c2-48d1-86d7-70ec50f40418-c000.gz.parquet
-rw-r--r--   1 vagrant supergroup       1236 2022-07-24 21:39 /user/vagrant/lab1/pregunta10/resultado/part-00039-88eb2697-77c2-48d1-86d7-70ec50f40418-c000.gz.parquet
-rw-r--r--   1 vagrant supergroup       1350 2022-07-24 21:39 /user/vagrant/lab1/pregunta10/resultado/part-00040-88eb2697-77c2-48d1-86d7-70ec50f40418-c000.gz.parquet
-rw-r--r--   1 vagrant supergroup       1258 2022-07-24 21:39 /user/vagrant/lab1/pregunta10/resultado/part-00041-88eb2697-77c2-48d1-86d7-70ec50f40418-c000.gz.parquet
-rw-r--r--   1 vagrant supergroup       1274 2022-07-24 21:39 /user/vagrant/lab1/pregunta10/resultado/part-00043-88eb2697-77c2-48d1-86d7-70ec50f40418-c000.gz.parquet
-rw-r--r--   1 vagrant supergroup       1272 2022-07-24 21:39 /user/vagrant/lab1/pregunta10/resultado/part-00044-88eb2697-77c2-48d1-86d7-70ec50f40418-c000.gz.parquet
-rw-r--r--   1 vagrant supergroup       1289 2022-07-24 21:39 /user/vagrant/lab1/pregunta10/resultado/part-00045-88eb2697-77c2-48d1-86d7-70ec50f40418-c000.gz.parquet
-rw-r--r--   1 vagrant supergroup       1249 2022-07-24 21:39 /user/vagrant/lab1/pregunta10/resultado/part-00046-88eb2697-77c2-48d1-86d7-70ec50f40418-c000.gz.parquet
-rw-r--r--   1 vagrant supergroup       1208 2022-07-24 21:39 /user/vagrant/lab1/pregunta10/resultado/part-00047-88eb2697-77c2-48d1-86d7-70ec50f40418-c000.gz.parquet
-rw-r--r--   1 vagrant supergroup       1216 2022-07-24 21:39 /user/vagrant/lab1/pregunta10/resultado/part-00049-88eb2697-77c2-48d1-86d7-70ec50f40418-c000.gz.parquet
-rw-r--r--   1 vagrant supergroup       1198 2022-07-24 21:39 /user/vagrant/lab1/pregunta10/resultado/part-00050-88eb2697-77c2-48d1-86d7-70ec50f40418-c000.gz.parquet
-rw-r--r--   1 vagrant supergroup       1306 2022-07-24 21:39 /user/vagrant/lab1/pregunta10/resultado/part-00051-88eb2697-77c2-48d1-86d7-70ec50f40418-c000.gz.parquet
-rw-r--r--   1 vagrant supergroup       1208 2022-07-24 21:39 /user/vagrant/lab1/pregunta10/resultado/part-00052-88eb2697-77c2-48d1-86d7-70ec50f40418-c000.gz.parquet
-rw-r--r--   1 vagrant supergroup       1258 2022-07-24 21:39 /user/vagrant/lab1/pregunta10/resultado/part-00053-88eb2697-77c2-48d1-86d7-70ec50f40418-c000.gz.parquet
-rw-r--r--   1 vagrant supergroup       1245 2022-07-24 21:39 /user/vagrant/lab1/pregunta10/resultado/part-00054-88eb2697-77c2-48d1-86d7-70ec50f40418-c000.gz.parquet
-rw-r--r--   1 vagrant supergroup       1367 2022-07-24 21:39 /user/vagrant/lab1/pregunta10/resultado/part-00055-88eb2697-77c2-48d1-86d7-70ec50f40418-c000.gz.parquet
-rw-r--r--   1 vagrant supergroup       1229 2022-07-24 21:39 /user/vagrant/lab1/pregunta10/resultado/part-00056-88eb2697-77c2-48d1-86d7-70ec50f40418-c000.gz.parquet
-rw-r--r--   1 vagrant supergroup       1200 2022-07-24 21:39 /user/vagrant/lab1/pregunta10/resultado/part-00057-88eb2697-77c2-48d1-86d7-70ec50f40418-c000.gz.parquet
-rw-r--r--   1 vagrant supergroup       1329 2022-07-24 21:39 /user/vagrant/lab1/pregunta10/resultado/part-00058-88eb2697-77c2-48d1-86d7-70ec50f40418-c000.gz.parquet
-rw-r--r--   1 vagrant supergroup       1293 2022-07-24 21:39 /user/vagrant/lab1/pregunta10/resultado/part-00059-88eb2697-77c2-48d1-86d7-70ec50f40418-c000.gz.parquet
-rw-r--r--   1 vagrant supergroup       1208 2022-07-24 21:39 /user/vagrant/lab1/pregunta10/resultado/part-00060-88eb2697-77c2-48d1-86d7-70ec50f40418-c000.gz.parquet
-rw-r--r--   1 vagrant supergroup       1199 2022-07-24 21:39 /user/vagrant/lab1/pregunta10/resultado/part-00062-88eb2697-77c2-48d1-86d7-70ec50f40418-c000.gz.parquet
-rw-r--r--   1 vagrant supergroup       1243 2022-07-24 21:39 /user/vagrant/lab1/pregunta10/resultado/part-00063-88eb2697-77c2-48d1-86d7-70ec50f40418-c000.gz.parquet
-rw-r--r--   1 vagrant supergroup       1202 2022-07-24 21:39 /user/vagrant/lab1/pregunta10/resultado/part-00064-88eb2697-77c2-48d1-86d7-70ec50f40418-c000.gz.parquet
-rw-r--r--   1 vagrant supergroup       1227 2022-07-24 21:39 /user/vagrant/lab1/pregunta10/resultado/part-00065-88eb2697-77c2-48d1-86d7-70ec50f40418-c000.gz.parquet
-rw-r--r--   1 vagrant supergroup       1294 2022-07-24 21:39 /user/vagrant/lab1/pregunta10/resultado/part-00067-88eb2697-77c2-48d1-86d7-70ec50f40418-c000.gz.parquet
-rw-r--r--   1 vagrant supergroup       1235 2022-07-24 21:39 /user/vagrant/lab1/pregunta10/resultado/part-00068-88eb2697-77c2-48d1-86d7-70ec50f40418-c000.gz.parquet
-rw-r--r--   1 vagrant supergroup       1358 2022-07-24 21:39 /user/vagrant/lab1/pregunta10/resultado/part-00069-88eb2697-77c2-48d1-86d7-70ec50f40418-c000.gz.parquet
-rw-r--r--   1 vagrant supergroup       1198 2022-07-24 21:39 /user/vagrant/lab1/pregunta10/resultado/part-00070-88eb2697-77c2-48d1-86d7-70ec50f40418-c000.gz.parquet
-rw-r--r--   1 vagrant supergroup       1283 2022-07-24 21:39 /user/vagrant/lab1/pregunta10/resultado/part-00071-88eb2697-77c2-48d1-86d7-70ec50f40418-c000.gz.parquet
-rw-r--r--   1 vagrant supergroup       1351 2022-07-24 21:39 /user/vagrant/lab1/pregunta10/resultado/part-00072-88eb2697-77c2-48d1-86d7-70ec50f40418-c000.gz.parquet
-rw-r--r--   1 vagrant supergroup       1218 2022-07-24 21:39 /user/vagrant/lab1/pregunta10/resultado/part-00073-88eb2697-77c2-48d1-86d7-70ec50f40418-c000.gz.parquet
-rw-r--r--   1 vagrant supergroup       1338 2022-07-24 21:39 /user/vagrant/lab1/pregunta10/resultado/part-00074-88eb2697-77c2-48d1-86d7-70ec50f40418-c000.gz.parquet
-rw-r--r--   1 vagrant supergroup       1421 2022-07-24 21:39 /user/vagrant/lab1/pregunta10/resultado/part-00075-88eb2697-77c2-48d1-86d7-70ec50f40418-c000.gz.parquet
-rw-r--r--   1 vagrant supergroup       1287 2022-07-24 21:39 /user/vagrant/lab1/pregunta10/resultado/part-00076-88eb2697-77c2-48d1-86d7-70ec50f40418-c000.gz.parquet
-rw-r--r--   1 vagrant supergroup       1199 2022-07-24 21:39 /user/vagrant/lab1/pregunta10/resultado/part-00077-88eb2697-77c2-48d1-86d7-70ec50f40418-c000.gz.parquet
-rw-r--r--   1 vagrant supergroup       1201 2022-07-24 21:39 /user/vagrant/lab1/pregunta10/resultado/part-00078-88eb2697-77c2-48d1-86d7-70ec50f40418-c000.gz.parquet
-rw-r--r--   1 vagrant supergroup       1335 2022-07-24 21:39 /user/vagrant/lab1/pregunta10/resultado/part-00079-88eb2697-77c2-48d1-86d7-70ec50f40418-c000.gz.parquet
-rw-r--r--   1 vagrant supergroup       1230 2022-07-24 21:39 /user/vagrant/lab1/pregunta10/resultado/part-00080-88eb2697-77c2-48d1-86d7-70ec50f40418-c000.gz.parquet
-rw-r--r--   1 vagrant supergroup       1396 2022-07-24 21:39 /user/vagrant/lab1/pregunta10/resultado/part-00081-88eb2697-77c2-48d1-86d7-70ec50f40418-c000.gz.parquet
-rw-r--r--   1 vagrant supergroup       1251 2022-07-24 21:39 /user/vagrant/lab1/pregunta10/resultado/part-00082-88eb2697-77c2-48d1-86d7-70ec50f40418-c000.gz.parquet
-rw-r--r--   1 vagrant supergroup       1385 2022-07-24 21:39 /user/vagrant/lab1/pregunta10/resultado/part-00083-88eb2697-77c2-48d1-86d7-70ec50f40418-c000.gz.parquet
-rw-r--r--   1 vagrant supergroup       1227 2022-07-24 21:39 /user/vagrant/lab1/pregunta10/resultado/part-00084-88eb2697-77c2-48d1-86d7-70ec50f40418-c000.gz.parquet
-rw-r--r--   1 vagrant supergroup       1206 2022-07-24 21:39 /user/vagrant/lab1/pregunta10/resultado/part-00085-88eb2697-77c2-48d1-86d7-70ec50f40418-c000.gz.parquet
-rw-r--r--   1 vagrant supergroup       1216 2022-07-24 21:39 /user/vagrant/lab1/pregunta10/resultado/part-00086-88eb2697-77c2-48d1-86d7-70ec50f40418-c000.gz.parquet
-rw-r--r--   1 vagrant supergroup       1322 2022-07-24 21:39 /user/vagrant/lab1/pregunta10/resultado/part-00087-88eb2697-77c2-48d1-86d7-70ec50f40418-c000.gz.parquet
-rw-r--r--   1 vagrant supergroup       1245 2022-07-24 21:39 /user/vagrant/lab1/pregunta10/resultado/part-00088-88eb2697-77c2-48d1-86d7-70ec50f40418-c000.gz.parquet
-rw-r--r--   1 vagrant supergroup       1362 2022-07-24 21:39 /user/vagrant/lab1/pregunta10/resultado/part-00089-88eb2697-77c2-48d1-86d7-70ec50f40418-c000.gz.parquet
-rw-r--r--   1 vagrant supergroup       1321 2022-07-24 21:39 /user/vagrant/lab1/pregunta10/resultado/part-00090-88eb2697-77c2-48d1-86d7-70ec50f40418-c000.gz.parquet
-rw-r--r--   1 vagrant supergroup       1327 2022-07-24 21:39 /user/vagrant/lab1/pregunta10/resultado/part-00091-88eb2697-77c2-48d1-86d7-70ec50f40418-c000.gz.parquet
-rw-r--r--   1 vagrant supergroup       1211 2022-07-24 21:39 /user/vagrant/lab1/pregunta10/resultado/part-00092-88eb2697-77c2-48d1-86d7-70ec50f40418-c000.gz.parquet
-rw-r--r--   1 vagrant supergroup       1260 2022-07-24 21:39 /user/vagrant/lab1/pregunta10/resultado/part-00093-88eb2697-77c2-48d1-86d7-70ec50f40418-c000.gz.parquet
-rw-r--r--   1 vagrant supergroup       1236 2022-07-24 21:39 /user/vagrant/lab1/pregunta10/resultado/part-00094-88eb2697-77c2-48d1-86d7-70ec50f40418-c000.gz.parquet
-rw-r--r--   1 vagrant supergroup       1281 2022-07-24 21:39 /user/vagrant/lab1/pregunta10/resultado/part-00095-88eb2697-77c2-48d1-86d7-70ec50f40418-c000.gz.parquet
-rw-r--r--   1 vagrant supergroup       1199 2022-07-24 21:39 /user/vagrant/lab1/pregunta10/resultado/part-00096-88eb2697-77c2-48d1-86d7-70ec50f40418-c000.gz.parquet
-rw-r--r--   1 vagrant supergroup       1353 2022-07-24 21:39 /user/vagrant/lab1/pregunta10/resultado/part-00097-88eb2697-77c2-48d1-86d7-70ec50f40418-c000.gz.parquet
-rw-r--r--   1 vagrant supergroup       1284 2022-07-24 21:39 /user/vagrant/lab1/pregunta10/resultado/part-00098-88eb2697-77c2-48d1-86d7-70ec50f40418-c000.gz.parquet
-rw-r--r--   1 vagrant supergroup       1246 2022-07-24 21:39 /user/vagrant/lab1/pregunta10/resultado/part-00099-88eb2697-77c2-48d1-86d7-70ec50f40418-c000.gz.parquet
-rw-r--r--   1 vagrant supergroup       1199 2022-07-24 21:39 /user/vagrant/lab1/pregunta10/resultado/part-00100-88eb2697-77c2-48d1-86d7-70ec50f40418-c000.gz.parquet
-rw-r--r--   1 vagrant supergroup       1305 2022-07-24 21:39 /user/vagrant/lab1/pregunta10/resultado/part-00101-88eb2697-77c2-48d1-86d7-70ec50f40418-c000.gz.parquet
-rw-r--r--   1 vagrant supergroup       1283 2022-07-24 21:39 /user/vagrant/lab1/pregunta10/resultado/part-00102-88eb2697-77c2-48d1-86d7-70ec50f40418-c000.gz.parquet
-rw-r--r--   1 vagrant supergroup       1221 2022-07-24 21:39 /user/vagrant/lab1/pregunta10/resultado/part-00103-88eb2697-77c2-48d1-86d7-70ec50f40418-c000.gz.parquet
-rw-r--r--   1 vagrant supergroup       1204 2022-07-24 21:39 /user/vagrant/lab1/pregunta10/resultado/part-00104-88eb2697-77c2-48d1-86d7-70ec50f40418-c000.gz.parquet
-rw-r--r--   1 vagrant supergroup       1197 2022-07-24 21:39 /user/vagrant/lab1/pregunta10/resultado/part-00105-88eb2697-77c2-48d1-86d7-70ec50f40418-c000.gz.parquet
-rw-r--r--   1 vagrant supergroup       1212 2022-07-24 21:39 /user/vagrant/lab1/pregunta10/resultado/part-00106-88eb2697-77c2-48d1-86d7-70ec50f40418-c000.gz.parquet
-rw-r--r--   1 vagrant supergroup       1204 2022-07-24 21:39 /user/vagrant/lab1/pregunta10/resultado/part-00107-88eb2697-77c2-48d1-86d7-70ec50f40418-c000.gz.parquet
-rw-r--r--   1 vagrant supergroup       1347 2022-07-24 21:39 /user/vagrant/lab1/pregunta10/resultado/part-00108-88eb2697-77c2-48d1-86d7-70ec50f40418-c000.gz.parquet
-rw-r--r--   1 vagrant supergroup       1221 2022-07-24 21:39 /user/vagrant/lab1/pregunta10/resultado/part-00109-88eb2697-77c2-48d1-86d7-70ec50f40418-c000.gz.parquet
-rw-r--r--   1 vagrant supergroup       1217 2022-07-24 21:39 /user/vagrant/lab1/pregunta10/resultado/part-00110-88eb2697-77c2-48d1-86d7-70ec50f40418-c000.gz.parquet
-rw-r--r--   1 vagrant supergroup       1297 2022-07-24 21:39 /user/vagrant/lab1/pregunta10/resultado/part-00111-88eb2697-77c2-48d1-86d7-70ec50f40418-c000.gz.parquet
-rw-r--r--   1 vagrant supergroup       1200 2022-07-24 21:39 /user/vagrant/lab1/pregunta10/resultado/part-00112-88eb2697-77c2-48d1-86d7-70ec50f40418-c000.gz.parquet
-rw-r--r--   1 vagrant supergroup       1223 2022-07-24 21:39 /user/vagrant/lab1/pregunta10/resultado/part-00113-88eb2697-77c2-48d1-86d7-70ec50f40418-c000.gz.parquet
-rw-r--r--   1 vagrant supergroup       1252 2022-07-24 21:39 /user/vagrant/lab1/pregunta10/resultado/part-00114-88eb2697-77c2-48d1-86d7-70ec50f40418-c000.gz.parquet
-rw-r--r--   1 vagrant supergroup       1203 2022-07-24 21:39 /user/vagrant/lab1/pregunta10/resultado/part-00115-88eb2697-77c2-48d1-86d7-70ec50f40418-c000.gz.parquet
-rw-r--r--   1 vagrant supergroup       1276 2022-07-24 21:39 /user/vagrant/lab1/pregunta10/resultado/part-00116-88eb2697-77c2-48d1-86d7-70ec50f40418-c000.gz.parquet
-rw-r--r--   1 vagrant supergroup       1287 2022-07-24 21:39 /user/vagrant/lab1/pregunta10/resultado/part-00117-88eb2697-77c2-48d1-86d7-70ec50f40418-c000.gz.parquet
-rw-r--r--   1 vagrant supergroup       1302 2022-07-24 21:39 /user/vagrant/lab1/pregunta10/resultado/part-00118-88eb2697-77c2-48d1-86d7-70ec50f40418-c000.gz.parquet
-rw-r--r--   1 vagrant supergroup       1238 2022-07-24 21:39 /user/vagrant/lab1/pregunta10/resultado/part-00119-88eb2697-77c2-48d1-86d7-70ec50f40418-c000.gz.parquet
-rw-r--r--   1 vagrant supergroup       1198 2022-07-24 21:39 /user/vagrant/lab1/pregunta10/resultado/part-00120-88eb2697-77c2-48d1-86d7-70ec50f40418-c000.gz.parquet
-rw-r--r--   1 vagrant supergroup       1343 2022-07-24 21:39 /user/vagrant/lab1/pregunta10/resultado/part-00121-88eb2697-77c2-48d1-86d7-70ec50f40418-c000.gz.parquet
-rw-r--r--   1 vagrant supergroup       1198 2022-07-24 21:39 /user/vagrant/lab1/pregunta10/resultado/part-00122-88eb2697-77c2-48d1-86d7-70ec50f40418-c000.gz.parquet
-rw-r--r--   1 vagrant supergroup       1313 2022-07-24 21:39 /user/vagrant/lab1/pregunta10/resultado/part-00123-88eb2697-77c2-48d1-86d7-70ec50f40418-c000.gz.parquet
-rw-r--r--   1 vagrant supergroup       1226 2022-07-24 21:39 /user/vagrant/lab1/pregunta10/resultado/part-00124-88eb2697-77c2-48d1-86d7-70ec50f40418-c000.gz.parquet
-rw-r--r--   1 vagrant supergroup       1212 2022-07-24 21:39 /user/vagrant/lab1/pregunta10/resultado/part-00125-88eb2697-77c2-48d1-86d7-70ec50f40418-c000.gz.parquet
-rw-r--r--   1 vagrant supergroup       1212 2022-07-24 21:39 /user/vagrant/lab1/pregunta10/resultado/part-00126-88eb2697-77c2-48d1-86d7-70ec50f40418-c000.gz.parquet
-rw-r--r--   1 vagrant supergroup       1229 2022-07-24 21:39 /user/vagrant/lab1/pregunta10/resultado/part-00127-88eb2697-77c2-48d1-86d7-70ec50f40418-c000.gz.parquet
-rw-r--r--   1 vagrant supergroup       1232 2022-07-24 21:39 /user/vagrant/lab1/pregunta10/resultado/part-00128-88eb2697-77c2-48d1-86d7-70ec50f40418-c000.gz.parquet
-rw-r--r--   1 vagrant supergroup       1226 2022-07-24 21:39 /user/vagrant/lab1/pregunta10/resultado/part-00129-88eb2697-77c2-48d1-86d7-70ec50f40418-c000.gz.parquet
-rw-r--r--   1 vagrant supergroup       1350 2022-07-24 21:39 /user/vagrant/lab1/pregunta10/resultado/part-00130-88eb2697-77c2-48d1-86d7-70ec50f40418-c000.gz.parquet
-rw-r--r--   1 vagrant supergroup       1284 2022-07-24 21:39 /user/vagrant/lab1/pregunta10/resultado/part-00131-88eb2697-77c2-48d1-86d7-70ec50f40418-c000.gz.parquet
-rw-r--r--   1 vagrant supergroup       1199 2022-07-24 21:39 /user/vagrant/lab1/pregunta10/resultado/part-00132-88eb2697-77c2-48d1-86d7-70ec50f40418-c000.gz.parquet
-rw-r--r--   1 vagrant supergroup       1302 2022-07-24 21:39 /user/vagrant/lab1/pregunta10/resultado/part-00133-88eb2697-77c2-48d1-86d7-70ec50f40418-c000.gz.parquet
-rw-r--r--   1 vagrant supergroup       1259 2022-07-24 21:39 /user/vagrant/lab1/pregunta10/resultado/part-00134-88eb2697-77c2-48d1-86d7-70ec50f40418-c000.gz.parquet
-rw-r--r--   1 vagrant supergroup       1243 2022-07-24 21:39 /user/vagrant/lab1/pregunta10/resultado/part-00135-88eb2697-77c2-48d1-86d7-70ec50f40418-c000.gz.parquet
-rw-r--r--   1 vagrant supergroup       1235 2022-07-24 21:39 /user/vagrant/lab1/pregunta10/resultado/part-00136-88eb2697-77c2-48d1-86d7-70ec50f40418-c000.gz.parquet
-rw-r--r--   1 vagrant supergroup       1199 2022-07-24 21:39 /user/vagrant/lab1/pregunta10/resultado/part-00137-88eb2697-77c2-48d1-86d7-70ec50f40418-c000.gz.parquet
-rw-r--r--   1 vagrant supergroup       1202 2022-07-24 21:39 /user/vagrant/lab1/pregunta10/resultado/part-00138-88eb2697-77c2-48d1-86d7-70ec50f40418-c000.gz.parquet
-rw-r--r--   1 vagrant supergroup       1308 2022-07-24 21:39 /user/vagrant/lab1/pregunta10/resultado/part-00139-88eb2697-77c2-48d1-86d7-70ec50f40418-c000.gz.parquet
-rw-r--r--   1 vagrant supergroup       1209 2022-07-24 21:39 /user/vagrant/lab1/pregunta10/resultado/part-00140-88eb2697-77c2-48d1-86d7-70ec50f40418-c000.gz.parquet
-rw-r--r--   1 vagrant supergroup       1223 2022-07-24 21:39 /user/vagrant/lab1/pregunta10/resultado/part-00141-88eb2697-77c2-48d1-86d7-70ec50f40418-c000.gz.parquet
-rw-r--r--   1 vagrant supergroup       1236 2022-07-24 21:39 /user/vagrant/lab1/pregunta10/resultado/part-00142-88eb2697-77c2-48d1-86d7-70ec50f40418-c000.gz.parquet
-rw-r--r--   1 vagrant supergroup       1255 2022-07-24 21:39 /user/vagrant/lab1/pregunta10/resultado/part-00143-88eb2697-77c2-48d1-86d7-70ec50f40418-c000.gz.parquet
-rw-r--r--   1 vagrant supergroup       1396 2022-07-24 21:39 /user/vagrant/lab1/pregunta10/resultado/part-00144-88eb2697-77c2-48d1-86d7-70ec50f40418-c000.gz.parquet
-rw-r--r--   1 vagrant supergroup       1236 2022-07-24 21:39 /user/vagrant/lab1/pregunta10/resultado/part-00145-88eb2697-77c2-48d1-86d7-70ec50f40418-c000.gz.parquet
-rw-r--r--   1 vagrant supergroup       1239 2022-07-24 21:39 /user/vagrant/lab1/pregunta10/resultado/part-00146-88eb2697-77c2-48d1-86d7-70ec50f40418-c000.gz.parquet
-rw-r--r--   1 vagrant supergroup       1281 2022-07-24 21:39 /user/vagrant/lab1/pregunta10/resultado/part-00147-88eb2697-77c2-48d1-86d7-70ec50f40418-c000.gz.parquet
-rw-r--r--   1 vagrant supergroup       1253 2022-07-24 21:39 /user/vagrant/lab1/pregunta10/resultado/part-00148-88eb2697-77c2-48d1-86d7-70ec50f40418-c000.gz.parquet
-rw-r--r--   1 vagrant supergroup       1228 2022-07-24 21:39 /user/vagrant/lab1/pregunta10/resultado/part-00149-88eb2697-77c2-48d1-86d7-70ec50f40418-c000.gz.parquet
-rw-r--r--   1 vagrant supergroup       1309 2022-07-24 21:39 /user/vagrant/lab1/pregunta10/resultado/part-00150-88eb2697-77c2-48d1-86d7-70ec50f40418-c000.gz.parquet
-rw-r--r--   1 vagrant supergroup       1231 2022-07-24 21:39 /user/vagrant/lab1/pregunta10/resultado/part-00151-88eb2697-77c2-48d1-86d7-70ec50f40418-c000.gz.parquet
-rw-r--r--   1 vagrant supergroup       1208 2022-07-24 21:39 /user/vagrant/lab1/pregunta10/resultado/part-00152-88eb2697-77c2-48d1-86d7-70ec50f40418-c000.gz.parquet
-rw-r--r--   1 vagrant supergroup       1221 2022-07-24 21:39 /user/vagrant/lab1/pregunta10/resultado/part-00153-88eb2697-77c2-48d1-86d7-70ec50f40418-c000.gz.parquet
-rw-r--r--   1 vagrant supergroup       1260 2022-07-24 21:39 /user/vagrant/lab1/pregunta10/resultado/part-00154-88eb2697-77c2-48d1-86d7-70ec50f40418-c000.gz.parquet
-rw-r--r--   1 vagrant supergroup       1259 2022-07-24 21:39 /user/vagrant/lab1/pregunta10/resultado/part-00155-88eb2697-77c2-48d1-86d7-70ec50f40418-c000.gz.parquet
-rw-r--r--   1 vagrant supergroup       1221 2022-07-24 21:39 /user/vagrant/lab1/pregunta10/resultado/part-00156-88eb2697-77c2-48d1-86d7-70ec50f40418-c000.gz.parquet
-rw-r--r--   1 vagrant supergroup       1370 2022-07-24 21:39 /user/vagrant/lab1/pregunta10/resultado/part-00157-88eb2697-77c2-48d1-86d7-70ec50f40418-c000.gz.parquet
-rw-r--r--   1 vagrant supergroup       1346 2022-07-24 21:39 /user/vagrant/lab1/pregunta10/resultado/part-00158-88eb2697-77c2-48d1-86d7-70ec50f40418-c000.gz.parquet
-rw-r--r--   1 vagrant supergroup       1350 2022-07-24 21:39 /user/vagrant/lab1/pregunta10/resultado/part-00159-88eb2697-77c2-48d1-86d7-70ec50f40418-c000.gz.parquet
-rw-r--r--   1 vagrant supergroup       1209 2022-07-24 21:39 /user/vagrant/lab1/pregunta10/resultado/part-00160-88eb2697-77c2-48d1-86d7-70ec50f40418-c000.gz.parquet
-rw-r--r--   1 vagrant supergroup       1263 2022-07-24 21:39 /user/vagrant/lab1/pregunta10/resultado/part-00161-88eb2697-77c2-48d1-86d7-70ec50f40418-c000.gz.parquet
-rw-r--r--   1 vagrant supergroup       1272 2022-07-24 21:39 /user/vagrant/lab1/pregunta10/resultado/part-00162-88eb2697-77c2-48d1-86d7-70ec50f40418-c000.gz.parquet
-rw-r--r--   1 vagrant supergroup       1202 2022-07-24 21:39 /user/vagrant/lab1/pregunta10/resultado/part-00163-88eb2697-77c2-48d1-86d7-70ec50f40418-c000.gz.parquet
-rw-r--r--   1 vagrant supergroup       1227 2022-07-24 21:39 /user/vagrant/lab1/pregunta10/resultado/part-00164-88eb2697-77c2-48d1-86d7-70ec50f40418-c000.gz.parquet
-rw-r--r--   1 vagrant supergroup       1199 2022-07-24 21:39 /user/vagrant/lab1/pregunta10/resultado/part-00165-88eb2697-77c2-48d1-86d7-70ec50f40418-c000.gz.parquet
-rw-r--r--   1 vagrant supergroup       1307 2022-07-24 21:39 /user/vagrant/lab1/pregunta10/resultado/part-00166-88eb2697-77c2-48d1-86d7-70ec50f40418-c000.gz.parquet
-rw-r--r--   1 vagrant supergroup       1256 2022-07-24 21:39 /user/vagrant/lab1/pregunta10/resultado/part-00167-88eb2697-77c2-48d1-86d7-70ec50f40418-c000.gz.parquet
-rw-r--r--   1 vagrant supergroup       1202 2022-07-24 21:39 /user/vagrant/lab1/pregunta10/resultado/part-00168-88eb2697-77c2-48d1-86d7-70ec50f40418-c000.gz.parquet
-rw-r--r--   1 vagrant supergroup       1256 2022-07-24 21:39 /user/vagrant/lab1/pregunta10/resultado/part-00169-88eb2697-77c2-48d1-86d7-70ec50f40418-c000.gz.parquet
-rw-r--r--   1 vagrant supergroup       1244 2022-07-24 21:39 /user/vagrant/lab1/pregunta10/resultado/part-00170-88eb2697-77c2-48d1-86d7-70ec50f40418-c000.gz.parquet
-rw-r--r--   1 vagrant supergroup       1253 2022-07-24 21:39 /user/vagrant/lab1/pregunta10/resultado/part-00171-88eb2697-77c2-48d1-86d7-70ec50f40418-c000.gz.parquet
-rw-r--r--   1 vagrant supergroup       1205 2022-07-24 21:39 /user/vagrant/lab1/pregunta10/resultado/part-00173-88eb2697-77c2-48d1-86d7-70ec50f40418-c000.gz.parquet
-rw-r--r--   1 vagrant supergroup       1205 2022-07-24 21:39 /user/vagrant/lab1/pregunta10/resultado/part-00174-88eb2697-77c2-48d1-86d7-70ec50f40418-c000.gz.parquet
-rw-r--r--   1 vagrant supergroup       1200 2022-07-24 21:39 /user/vagrant/lab1/pregunta10/resultado/part-00175-88eb2697-77c2-48d1-86d7-70ec50f40418-c000.gz.parquet
-rw-r--r--   1 vagrant supergroup       1197 2022-07-24 21:39 /user/vagrant/lab1/pregunta10/resultado/part-00176-88eb2697-77c2-48d1-86d7-70ec50f40418-c000.gz.parquet
-rw-r--r--   1 vagrant supergroup       1252 2022-07-24 21:39 /user/vagrant/lab1/pregunta10/resultado/part-00177-88eb2697-77c2-48d1-86d7-70ec50f40418-c000.gz.parquet
-rw-r--r--   1 vagrant supergroup       1334 2022-07-24 21:39 /user/vagrant/lab1/pregunta10/resultado/part-00178-88eb2697-77c2-48d1-86d7-70ec50f40418-c000.gz.parquet
-rw-r--r--   1 vagrant supergroup       1227 2022-07-24 21:39 /user/vagrant/lab1/pregunta10/resultado/part-00179-88eb2697-77c2-48d1-86d7-70ec50f40418-c000.gz.parquet
-rw-r--r--   1 vagrant supergroup       1199 2022-07-24 21:39 /user/vagrant/lab1/pregunta10/resultado/part-00180-88eb2697-77c2-48d1-86d7-70ec50f40418-c000.gz.parquet
-rw-r--r--   1 vagrant supergroup       1320 2022-07-24 21:39 /user/vagrant/lab1/pregunta10/resultado/part-00181-88eb2697-77c2-48d1-86d7-70ec50f40418-c000.gz.parquet
-rw-r--r--   1 vagrant supergroup       1293 2022-07-24 21:39 /user/vagrant/lab1/pregunta10/resultado/part-00182-88eb2697-77c2-48d1-86d7-70ec50f40418-c000.gz.parquet
-rw-r--r--   1 vagrant supergroup       1271 2022-07-24 21:39 /user/vagrant/lab1/pregunta10/resultado/part-00183-88eb2697-77c2-48d1-86d7-70ec50f40418-c000.gz.parquet
-rw-r--r--   1 vagrant supergroup       1199 2022-07-24 21:39 /user/vagrant/lab1/pregunta10/resultado/part-00184-88eb2697-77c2-48d1-86d7-70ec50f40418-c000.gz.parquet
-rw-r--r--   1 vagrant supergroup       1199 2022-07-24 21:39 /user/vagrant/lab1/pregunta10/resultado/part-00185-88eb2697-77c2-48d1-86d7-70ec50f40418-c000.gz.parquet
-rw-r--r--   1 vagrant supergroup       1245 2022-07-24 21:39 /user/vagrant/lab1/pregunta10/resultado/part-00186-88eb2697-77c2-48d1-86d7-70ec50f40418-c000.gz.parquet
-rw-r--r--   1 vagrant supergroup       1225 2022-07-24 21:39 /user/vagrant/lab1/pregunta10/resultado/part-00187-88eb2697-77c2-48d1-86d7-70ec50f40418-c000.gz.parquet
-rw-r--r--   1 vagrant supergroup       1228 2022-07-24 21:39 /user/vagrant/lab1/pregunta10/resultado/part-00188-88eb2697-77c2-48d1-86d7-70ec50f40418-c000.gz.parquet
-rw-r--r--   1 vagrant supergroup       1366 2022-07-24 21:39 /user/vagrant/lab1/pregunta10/resultado/part-00189-88eb2697-77c2-48d1-86d7-70ec50f40418-c000.gz.parquet
-rw-r--r--   1 vagrant supergroup       1352 2022-07-24 21:39 /user/vagrant/lab1/pregunta10/resultado/part-00190-88eb2697-77c2-48d1-86d7-70ec50f40418-c000.gz.parquet
-rw-r--r--   1 vagrant supergroup       1200 2022-07-24 21:39 /user/vagrant/lab1/pregunta10/resultado/part-00191-88eb2697-77c2-48d1-86d7-70ec50f40418-c000.gz.parquet
-rw-r--r--   1 vagrant supergroup       1219 2022-07-24 21:39 /user/vagrant/lab1/pregunta10/resultado/part-00192-88eb2697-77c2-48d1-86d7-70ec50f40418-c000.gz.parquet
-rw-r--r--   1 vagrant supergroup       1202 2022-07-24 21:39 /user/vagrant/lab1/pregunta10/resultado/part-00193-88eb2697-77c2-48d1-86d7-70ec50f40418-c000.gz.parquet
-rw-r--r--   1 vagrant supergroup       1200 2022-07-24 21:39 /user/vagrant/lab1/pregunta10/resultado/part-00195-88eb2697-77c2-48d1-86d7-70ec50f40418-c000.gz.parquet
-rw-r--r--   1 vagrant supergroup       1240 2022-07-24 21:39 /user/vagrant/lab1/pregunta10/resultado/part-00196-88eb2697-77c2-48d1-86d7-70ec50f40418-c000.gz.parquet
-rw-r--r--   1 vagrant supergroup       1311 2022-07-24 21:39 /user/vagrant/lab1/pregunta10/resultado/part-00197-88eb2697-77c2-48d1-86d7-70ec50f40418-c000.gz.parquet
-rw-r--r--   1 vagrant supergroup       1215 2022-07-24 21:39 /user/vagrant/lab1/pregunta10/resultado/part-00198-88eb2697-77c2-48d1-86d7-70ec50f40418-c000.gz.parquet
-rw-r--r--   1 vagrant supergroup       1255 2022-07-24 21:39 /user/vagrant/lab1/pregunta10/resultado/part-00199-88eb2697-77c2-48d1-86d7-70ec50f40418-c000.gz.parquet
[vagrant@10 ~]$